Component: ARM Compiler 5.06 update 5 (build 528) Tool: armlink [4d35e2]

==============================================================================

Section Cross References

    startup_stm32f427xx.o(STACK) refers (Special) to heapauxi.o(.text) for __use_two_region_memory
    startup_stm32f427xx.o(HEAP) refers (Special) to heapauxi.o(.text) for __use_two_region_memory
    startup_stm32f427xx.o(RESET) refers (Special) to heapauxi.o(.text) for __use_two_region_memory
    startup_stm32f427xx.o(RESET) refers to startup_stm32f427xx.o(STACK) for __initial_sp
    startup_stm32f427xx.o(RESET) refers to startup_stm32f427xx.o(.text) for Reset_Handler
    startup_stm32f427xx.o(RESET) refers to stm32f4xx_it.o(i.NMI_Handler) for NMI_Handler
    startup_stm32f427xx.o(RESET) refers to context_rvds.o(.text) for HardFault_Handler
    startup_stm32f427xx.o(RESET) refers to stm32f4xx_it.o(i.MemManage_Handler) for MemManage_Handler
    startup_stm32f427xx.o(RESET) refers to stm32f4xx_it.o(i.BusFault_Handler) for BusFault_Handler
    startup_stm32f427xx.o(RESET) refers to stm32f4xx_it.o(i.UsageFault_Handler) for UsageFault_Handler
    startup_stm32f427xx.o(RESET) refers to stm32f4xx_it.o(i.DebugMon_Handler) for DebugMon_Handler
    startup_stm32f427xx.o(RESET) refers to board.o(i.SysTick_Handler) for SysTick_Handler
    startup_stm32f427xx.o(RESET) refers to stm32f4xx_it.o(i.TIM8_BRK_TIM12_IRQHandler) for TIM8_BRK_TIM12_IRQHandler
    startup_stm32f427xx.o(.text) refers (Special) to heapauxi.o(.text) for __use_two_region_memory
    startup_stm32f427xx.o(.text) refers to system_stm32f4xx.o(i.SystemInit) for SystemInit
    startup_stm32f427xx.o(.text) refers to __main.o(!!!main) for __main
    startup_stm32f427xx.o(.text) refers to startup_stm32f427xx.o(HEAP) for Heap_Mem
    startup_stm32f427xx.o(.text) refers to startup_stm32f427xx.o(STACK) for Stack_Mem
    main.o(i.HAL_TIM_PeriodElapsedCallback) refers to stm32f4xx_hal.o(i.HAL_IncTick) for HAL_IncTick
    main.o(i.SystemClock_Config) refers to rt_memclr_w.o(.text) for __aeabi_memclr4
    main.o(i.SystemClock_Config) refers to stm32f4xx_hal_rcc.o(i.HAL_RCC_OscConfig) for HAL_RCC_OscConfig
    main.o(i.SystemClock_Config) refers to stm32f4xx_hal_rcc.o(i.HAL_RCC_ClockConfig) for HAL_RCC_ClockConfig
    main.o(i.main) refers to stm32f4xx_hal.o(i.HAL_Init) for HAL_Init
    main.o(i.main) refers to main.o(i.SystemClock_Config) for SystemClock_Config
    main.o(i.main) refers to gpio.o(i.MX_GPIO_Init) for MX_GPIO_Init
    main.o(i.main) refers to usart.o(i.MX_USART6_UART_Init) for MX_USART6_UART_Init
    main.o(i.main) refers to thread.o(i.rt_thread_create) for rt_thread_create
    main.o(i.main) refers to thread.o(i.rt_thread_startup) for rt_thread_startup
    main.o(i.main) refers to thread.o(i.rt_thread_mdelay) for rt_thread_mdelay
    main.o(i.main) refers to main.o(i.thread01) for thread01
    main.o(i.main) refers to main.o(i.thread02) for thread02
    main.o(i.thread01) refers to kservice.o(i.rt_kprintf) for rt_kprintf
    main.o(i.thread01) refers to thread.o(i.rt_thread_mdelay) for rt_thread_mdelay
    main.o(i.thread02) refers to kservice.o(i.rt_kprintf) for rt_kprintf
    main.o(i.thread02) refers to thread.o(i.rt_thread_mdelay) for rt_thread_mdelay
    usart.o(i.HAL_UART_MspDeInit) refers to stm32f4xx_hal_gpio.o(i.HAL_GPIO_DeInit) for HAL_GPIO_DeInit
    usart.o(i.HAL_UART_MspInit) refers to rt_memclr_w.o(.text) for __aeabi_memclr4
    usart.o(i.HAL_UART_MspInit) refers to stm32f4xx_hal_gpio.o(i.HAL_GPIO_Init) for HAL_GPIO_Init
    usart.o(i.MX_USART6_UART_Init) refers to stm32f4xx_hal_uart.o(i.HAL_UART_Init) for HAL_UART_Init
    usart.o(i.MX_USART6_UART_Init) refers to main.o(i.Error_Handler) for Error_Handler
    usart.o(i.MX_USART6_UART_Init) refers to usart.o(.bss) for .bss
    stm32f4xx_it.o(i.TIM8_BRK_TIM12_IRQHandler) refers to stm32f4xx_hal_tim.o(i.HAL_TIM_IRQHandler) for HAL_TIM_IRQHandler
    stm32f4xx_it.o(i.TIM8_BRK_TIM12_IRQHandler) refers to stm32f4xx_hal_timebase_tim.o(.bss) for htim12
    stm32f4xx_hal_timebase_tim.o(i.HAL_InitTick) refers to stm32f4xx_hal_rcc.o(i.HAL_RCC_GetClockConfig) for HAL_RCC_GetClockConfig
    stm32f4xx_hal_timebase_tim.o(i.HAL_InitTick) refers to stm32f4xx_hal_rcc.o(i.HAL_RCC_GetPCLK1Freq) for HAL_RCC_GetPCLK1Freq
    stm32f4xx_hal_timebase_tim.o(i.HAL_InitTick) refers to stm32f4xx_hal_tim.o(i.HAL_TIM_Base_Init) for HAL_TIM_Base_Init
    stm32f4xx_hal_timebase_tim.o(i.HAL_InitTick) refers to stm32f4xx_hal_tim.o(i.HAL_TIM_Base_Start_IT) for HAL_TIM_Base_Start_IT
    stm32f4xx_hal_timebase_tim.o(i.HAL_InitTick) refers to stm32f4xx_hal_cortex.o(i.HAL_NVIC_EnableIRQ) for HAL_NVIC_EnableIRQ
    stm32f4xx_hal_timebase_tim.o(i.HAL_InitTick) refers to stm32f4xx_hal_cortex.o(i.HAL_NVIC_SetPriority) for HAL_NVIC_SetPriority
    stm32f4xx_hal_timebase_tim.o(i.HAL_InitTick) refers to stm32f4xx_hal_timebase_tim.o(.bss) for .bss
    stm32f4xx_hal_timebase_tim.o(i.HAL_InitTick) refers to stm32f4xx_hal.o(.data) for uwTickPrio
[...]
    usage_fault_track                        0x08003fad   Thumb Code   100  cpuport.o(i.usage_fault_track)
    i.version                                0x0800407c   Section        0  cmd.o(i.version)
    x$fpl$fpinit                             0x08004086   Section       10  fpinit.o(x$fpl$fpinit)
    $v0                                      0x08004086   Number         0  fpinit.o(x$fpl$fpinit)
    .constdata                               0x08004090   Section       16  system_stm32f4xx.o(.constdata)
    .constdata                               0x080040a0   Section        8  system_stm32f4xx.o(.constdata)
    .constdata                               0x080040a8   Section      290  kservice.o(.constdata)
    small_digits                             0x080041a8   Data          17  kservice.o(.constdata)
    large_digits                             0x080041b9   Data          17  kservice.o(.constdata)
    .conststring                             0x080041cc   Section       68  cmd.o(.conststring)
    .rodata.name                             0x08004210   Section        9  mem.o(.rodata.name)
    .rodata.name                             0x08004219   Section       30  mem.o(.rodata.name)
    .rodata.name                             0x08004237   Section        6  cmd.o(.rodata.name)
    .rodata.name                             0x0800423d   Section       16  cmd.o(.rodata.name)
    .rodata.name                             0x0800424d   Section        8  cmd.o(.rodata.name)
    .rodata.name                             0x08004255   Section       35  cmd.o(.rodata.name)
    .rodata.name                             0x08004278   Section       14  cmd.o(.rodata.name)
    .rodata.name                             0x08004286   Section       35  cmd.o(.rodata.name)
    .rodata.name                             0x080042a9   Section       12  cmd.o(.rodata.name)
    .rodata.name                             0x080042b5   Section       12  cmd.o(.rodata.name)
    .rodata.name                             0x080042c1   Section       18  cmd.o(.rodata.name)
    .rodata.name                             0x080042d3   Section       12  cmd.o(.rodata.name)
    .rodata.name                             0x080042df   Section        9  cmd.o(.rodata.name)
    .rodata.name                             0x080042e8   Section       25  cmd.o(.rodata.name)
    .rodata.name                             0x08004301   Section       15  cmd.o(.rodata.name)
    .rodata.name                             0x08004310   Section       25  cmd.o(.rodata.name)
    .rodata.name                             0x08004329   Section       11  cmd.o(.rodata.name)
    .rodata.name                             0x08004334   Section       21  cmd.o(.rodata.name)
    .rodata.name                             0x08004349   Section       17  cmd.o(.rodata.name)
    .rodata.name                             0x0800435a   Section       21  cmd.o(.rodata.name)
    .rodata.name                             0x0800436f   Section        5  cmd.o(.rodata.name)
    .rodata.name                             0x08004374   Section       26  cmd.o(.rodata.name)
    .rodata.name                             0x0800438e   Section       11  msh.o(.rodata.name)
    .rodata.name                             0x08004399   Section       22  msh.o(.rodata.name)
    .rodata.name                             0x080043af   Section        9  msh.o(.rodata.name)
    .rodata.name                             0x080043b8   Section       28  msh.o(.rodata.name)
    .rodata.name                             0x080043d4   Section       11  msh.o(.rodata.name)
    .rodata.name                             0x080043df   Section       37  msh.o(.rodata.name)
    .rti_fn.0                                0x08004404   Section        4  components.o(.rti_fn.0)
    __tagsym$$used                           0x08004404   Number         0  components.o(.rti_fn.0)
    .rti_fn.0.end                            0x08004408   Section        4  components.o(.rti_fn.0.end)
    __tagsym$$used                           0x08004408   Number         0  components.o(.rti_fn.0.end)
    .rti_fn.1                                0x0800440c   Section        4  board.o(.rti_fn.1)
    __tagsym$$used                           0x0800440c   Number         0  board.o(.rti_fn.1)
    .rti_fn.1.end                            0x08004410   Section        4  components.o(.rti_fn.1.end)
    __tagsym$$used                           0x08004410   Number         0  components.o(.rti_fn.1.end)
    .rti_fn.6                                0x08004414   Section        4  shell.o(.rti_fn.6)
    __tagsym$$used                           0x08004414   Number         0  shell.o(.rti_fn.6)
    .rti_fn.6.end                            0x08004418   Section        4  components.o(.rti_fn.6.end)
    __tagsym$$used                           0x08004418   Number         0  components.o(.rti_fn.6.end)
    FSymTab                                  0x0800441c   Section       12  mem.o(FSymTab)
    __tagsym$$used                           0x0800441c   Number         0  mem.o(FSymTab)
    FSymTab                                  0x08004428   Section      120  cmd.o(FSymTab)
    __tagsym$$used                           0x08004428   Number         0  cmd.o(FSymTab)
    __tagsym$$used                           0x08004434   Number         0  cmd.o(FSymTab)
    __tagsym$$used                           0x08004440   Number         0  cmd.o(FSymTab)
    __tagsym$$used                           0x0800444c   Number         0  cmd.o(FSymTab)
    __tagsym$$used                           0x08004458   Number         0  cmd.o(FSymTab)
    __tagsym$$used                           0x08004464   Number         0  cmd.o(FSymTab)
    __tagsym$$used                           0x08004470   Number         0  cmd.o(FSymTab)
    __tagsym$$used                           0x0800447c   Number         0  cmd.o(FSymTab)
    __tagsym$$used                           0x08004488   Number         0  cmd.o(FSymTab)
    __tagsym$$used                           0x08004494   Number         0  cmd.o(FSymTab)
    FSymTab                                  0x080044a0   Section       36  msh.o(FSymTab)
    __tagsym$$used                           0x080044a0   Number         0  msh.o(FSymTab)
    __tagsym$$used                           0x080044ac   Number         0  msh.o(FSymTab)
    __tagsym$$used                           0x080044b8   Number         0  msh.o(FSymTab)
    .data                                    0x20000000   Section       12  stm32f4xx_hal.o(.data)
    .data                                    0x2000000c   Section        4  system_stm32f4xx.o(.data)
    .data                                    0x20000010   Section        4  clock.o(.data)
    rt_tick                                  0x20000010   Data           4  clock.o(.data)
    .data                                    0x20000014   Section        1  irq.o(.data)
    .data                                    0x20000018   Section       24  mem.o(.data)
    heap_ptr                                 0x20000018   Data           4  mem.o(.data)
    heap_end                                 0x2000001c   Data           4  mem.o(.data)
    lfree                                    0x20000020   Data           4  mem.o(.data)
    mem_size_aligned                         0x20000024   Data           4  mem.o(.data)
    used_mem                                 0x20000028   Data           4  mem.o(.data)
    max_mem                                  0x2000002c   Data           4  mem.o(.data)
    .data                                    0x20000030   Section       48  object.o(.data)
    rt_object_container                      0x20000030   Data          48  object.o(.data)
    .data                                    0x20000060   Section       20  scheduler.o(.data)
    rt_scheduler_lock_nest                   0x20000062   Data           2  scheduler.o(.data)
    .data                                    0x20000074   Section       12  timer.o(.data)
    random_nr                                0x20000074   Data           4  timer.o(.data)
    rt_timer_list                            0x20000078   Data           8  timer.o(.data)
    .data                                    0x20000080   Section        4  cpuport.o(.data)
    rt_exception_hook                        0x20000080   Data           4  cpuport.o(.data)
    .data                                    0x20000084   Section        4  cpuport.o(.data)
    .data                                    0x20000088   Section        4  cpuport.o(.data)
    .data                                    0x2000008c   Section        4  cpuport.o(.data)
    .data                                    0x20000090   Section       24  shell.o(.data)
    finsh_prompt_custom                      0x200000a0   Data           4  shell.o(.data)
    .bss                                     0x200000a8   Section       72  usart.o(.bss)
    .bss                                     0x200000f0   Section       72  stm32f4xx_hal_timebase_tim.o(.bss)
    .bss                                     0x20000138   Section      376  idle.o(.bss)
    idle                                     0x20000138   Data         120  idle.o(.bss)
    rt_thread_stack                          0x200001b0   Data         256  idle.o(.bss)
    .bss                                     0x200002b0   Section      128  kservice.o(.bss)
    rt_log_buf                               0x200002b0   Data         128  kservice.o(.bss)
    .bss                                     0x20000330   Section       32  mem.o(.bss)
    heap_sem                                 0x20000330   Data          32  mem.o(.bss)
    .bss                                     0x20000350   Section      256  scheduler.o(.bss)
    .bss                                     0x20000450   Section    15432  board.o(.bss)
    rt_heap                                  0x20000450   Data       15360  board.o(.bss)
    UartHandle                               0x20004050   Data          72  board.o(.bss)
    .bss                                     0x20004098   Section      129  shell.o(.bss)
    finsh_prompt                             0x20004098   Data         129  shell.o(.bss)
    .bss                                     0x2000411c   Section       96  libspace.o(.bss)
    HEAP                                     0x20004180   Section      512  startup_stm32f427xx.o(HEAP)
    Heap_Mem                                 0x20004180   Data         512  startup_stm32f427xx.o(HEAP)
    STACK                                    0x20004380   Section     1024  startup_stm32f427xx.o(STACK)
    Stack_Mem                                0x20004380   Data        1024  startup_stm32f427xx.o(STACK)
    __initial_sp                             0x20004780   Data           0  startup_stm32f427xx.o(STACK)

    Global Symbols

    Symbol Name                              Value     Ov Type        Size  Object(Section)

    BuildAttributes$$THM_ISAv4$E$P$D$K$B$S$7EM$VFPi3$EXTD16$VFPS$VFMA$PE$A:L22UL41UL21$X:L11$S22US41US21$IEEE1$IW$USESV6$~STKCKD$USESV7$~SHL$OSPACE$ROPI$EBA8$UX$STANDARDLIB$REQ8$PRES8$EABIv2 0x00000000   Number         0  anon$$obj.o ABSOLUTE
    __ARM_use_no_argv                        0x00000000   Number         0  main.o ABSOLUTE
    __ARM_exceptions_init                     - Undefined Weak Reference
    __alloca_initialize                       - Undefined Weak Reference
    __arm_preinit_                            - Undefined Weak Reference
    __cpp_initialize__aeabi_                  - Undefined Weak Reference
    __cxa_finalize                            - Undefined Weak Reference
    __rt_locale                               - Undefined Weak Reference
    __sigvec_lookup                           - Undefined Weak Reference
    _atexit_init                              - Undefined Weak Reference
    _call_atexit_fns                          - Undefined Weak Reference
    _clock_init                               - Undefined Weak Reference
    _fp_trap_init                             - Undefined Weak Reference
    _fp_trap_shutdown                         - Undefined Weak Reference
    _get_lc_collate                           - Undefined Weak Reference
    _get_lc_ctype                             - Undefined Weak Reference
    _get_lc_monetary                          - Undefined Weak Reference
    _get_lc_numeric                           - Undefined Weak Reference
    _get_lc_time                              - Undefined Weak Reference
    _getenv_init                              - Undefined Weak Reference
    _handle_redirection                       - Undefined Weak Reference
    _init_alloc                               - Undefined Weak Reference
    _init_user_alloc                          - Undefined Weak Reference
    _initio                                   - Undefined Weak Reference
    _rand_init                                - Undefined Weak Reference
    _signal_finish                            - Undefined Weak Reference
    _signal_init                              - Undefined Weak Reference
    _terminate_alloc                          - Undefined Weak Reference
    _terminate_user_alloc                     - Undefined Weak Reference
    _terminateio                              - Undefined Weak Reference
    __Vectors_Size                           0x000001ac   Number         0  startup_stm32f427xx.o ABSOLUTE
    __Vectors                                0x08000000   Data           4  startup_stm32f427xx.o(RESET)
    __Vectors_End                            0x080001ac   Data           0  startup_stm32f427xx.o(RESET)
    __main                                   0x080001ad   Thumb Code     8  __main.o(!!!main)
    __scatterload                            0x080001b5   Thumb Code     0  __scatter.o(!!!scatter)
    __scatterload_rt2                        0x080001b5   Thumb Code    44  __scatter.o(!!!scatter)
    __scatterload_rt2_thumb_only             0x080001b5   Thumb Code     0  __scatter.o(!!!scatter)
    __scatterload_null                       0x080001c3   Thumb Code     0  __scatter.o(!!!scatter)
    __scatterload_copy                       0x080001e9   Thumb Code    26  __scatter_copy.o(!!handler_copy)
    __scatterload_zeroinit                   0x08000205   Thumb Code    28  __scatter_zi.o(!!handler_zi)
    __rt_lib_init                            0x08000221   Thumb Code     0  libinit.o(.ARM.Collect$$libinit$$00000000)
    __rt_lib_init_fp_1                       0x08000223   Thumb Code     0  libinit2.o(.ARM.Collect$$libinit$$00000001)
    __rt_lib_init_alloca_1                   0x08000227   Thumb Code     0  libinit2.o(.ARM.Collect$$libinit$$0000002E)
    __rt_lib_init_argv_1                     0x08000227   Thumb Code     0  libinit2.o(.ARM.Collect$$libinit$$0000002C)
    __rt_lib_init_atexit_1                   0x08000227   Thumb Code     0  libinit2.o(.ARM.Collect$$libinit$$0000001B)
    __rt_lib_init_clock_1                    0x08000227   Thumb Code     0  libinit2.o(.ARM.Collect$$libinit$$00000021)
    __rt_lib_init_cpp_1                      0x08000227   Thumb Code     0  libinit2.o(.ARM.Collect$$libinit$$00000032)
    __rt_lib_init_exceptions_1               0x08000227   Thumb Code     0  libinit2.o(.ARM.Collect$$libinit$$00000030)
    __rt_lib_init_fp_trap_1                  0x08000227   Thumb Code     0  libinit2.o(.ARM.Collect$$libinit$$0000001F)
    __rt_lib_init_getenv_1                   0x08000227   Thumb Code     0  libinit2.o(.ARM.Collect$$libinit$$00000023)
    __rt_lib_init_heap_1                     0x08000227   Thumb Code     0  libinit2.o(.ARM.Collect$$libinit$$0000000A)
    __rt_lib_init_lc_collate_1               0x08000227   Thumb Code     0  libinit2.o(.ARM.Collect$$libinit$$00000011)
    __rt_lib_init_lc_ctype_1                 0x08000227   Thumb Code     0  libinit2.o(.ARM.Collect$$libinit$$00000013)
    __rt_lib_init_lc_monetary_1              0x08000227   Thumb Code     0  libinit2.o(.ARM.Collect$$libinit$$00000015)
    __rt_lib_init_lc_numeric_1               0x08000227   Thumb Code     0  libinit2.o(.ARM.Collect$$libinit$$00000017)
    __rt_lib_init_lc_time_1                  0x08000227   Thumb Code     0  libinit2.o(.ARM.Collect$$libinit$$00000019)
    __rt_lib_init_preinit_1                  0x08000227   Thumb Code     0  libinit2.o(.ARM.Collect$$libinit$$00000004)
    __rt_lib_init_rand_1                     0x08000227   Thumb Code     0  libinit2.o(.ARM.Collect$$libinit$$0000000E)
    __rt_lib_init_return                     0x08000227   Thumb Code     0  libinit2.o(.ARM.Collect$$libinit$$00000033)
    __rt_lib_init_signal_1                   0x08000227   Thumb Code     0  libinit2.o(.ARM.Collect$$libinit$$0000001D)
    __rt_lib_init_stdio_1                    0x08000227   Thumb Code     0  libinit2.o(.ARM.Collect$$libinit$$00000025)
    __rt_lib_init_user_alloc_1               0x08000227   Thumb Code     0  libinit2.o(.ARM.Collect$$libinit$$0000000C)
    __rt_lib_shutdown                        0x08000229   Thumb Code     0  libshutdown.o(.ARM.Collect$$libshutdown$$00000000)
    __rt_lib_shutdown_cpp_1                  0x0800022b   Thumb Code     0  libshutdown2.o(.ARM.Collect$$libshutdown$$00000002)
    __rt_lib_shutdown_fp_trap_1              0x0800022b   Thumb Code     0  libshutdown2.o(.ARM.Collect$$libshutdown$$00000007)
    __rt_lib_shutdown_heap_1                 0x0800022b   Thumb Code     0  libshutdown2.o(.ARM.Collect$$libshutdown$$0000000F)
    __rt_lib_shutdown_return                 0x0800022b   Thumb Code     0  libshutdown2.o(.ARM.Collect$$libshutdown$$00000010)
    __rt_lib_shutdown_signal_1               0x0800022b   Thumb Code     0  libshutdown2.o(.ARM.Collect$$libshutdown$$0000000A)
    __rt_lib_shutdown_stdio_1                0x0800022b   Thumb Code     0  libshutdown2.o(.ARM.Collect$$libshutdown$$00000004)
    __rt_lib_shutdown_user_alloc_1           0x0800022b   Thumb Code     0  libshutdown2.o(.ARM.Collect$$libshutdown$$0000000C)
    __rt_entry                               0x0800022d   Thumb Code     0  __rtentry.o(.ARM.Collect$$rtentry$$00000000)
    __rt_entry_presh_1                       0x0800022d   Thumb Code     0  __rtentry2.o(.ARM.Collect$$rtentry$$00000002)
    __rt_entry_sh                            0x0800022d   Thumb Code     0  __rtentry4.o(.ARM.Collect$$rtentry$$00000004)
    __rt_entry_li                            0x08000233   Thumb Code     0  __rtentry2.o(.ARM.Collect$$rtentry$$0000000A)
    __rt_entry_postsh_1                      0x08000233   Thumb Code     0  __rtentry2.o(.ARM.Collect$$rtentry$$00000009)
    __rt_entry_main                          0x08000237   Thumb Code     0  __rtentry2.o(.ARM.Collect$$rtentry$$0000000D)
    __rt_entry_postli_1                      0x08000237   Thumb Code     0  __rtentry2.o(.ARM.Collect$$rtentry$$0000000C)
    __rt_exit                                0x0800023f   Thumb Code     0  rtexit.o(.ARM.Collect$$rtexit$$00000000)
    __rt_exit_ls                             0x08000241   Thumb Code     0  rtexit2.o(.ARM.Collect$$rtexit$$00000003)
    __rt_exit_prels_1                        0x08000241   Thumb Code     0  rtexit2.o(.ARM.Collect$$rtexit$$00000002)
    __rt_exit_exit                           0x08000245   Thumb Code     0  rtexit2.o(.ARM.Collect$$rtexit$$00000004)
    Reset_Handler                            0x0800024d   Thumb Code     8  startup_stm32f427xx.o(.text)
    SVC_Handler                              0x0800025f   Thumb Code     2  startup_stm32f427xx.o(.text)
    ADC_IRQHandler                           0x08000267   Thumb Code     0  startup_stm32f427xx.o(.text)
    CAN1_RX0_IRQHandler                      0x08000267   Thumb Code     0  startup_stm32f427xx.o(.text)
    CAN1_RX1_IRQHandler                      0x08000267   Thumb Code     0  startup_stm32f427xx.o(.text)
    CAN1_SCE_IRQHandler                      0x08000267   Thumb Code     0  startup_stm32f427xx.o(.text)
    CAN1_TX_IRQHandler                       0x08000267   Thumb Code     0  startup_stm32f427xx.o(.text)
    CAN2_RX0_IRQHandler                      0x08000267   Thumb Code     0  startup_stm32f427xx.o(.text)
    CAN2_RX1_IRQHandler                      0x08000267   Thumb Code     0  startup_stm32f427xx.o(.text)
    CAN2_SCE_IRQHandler                      0x08000267   Thumb Code     0  startup_stm32f427xx.o(.text)
    CAN2_TX_IRQHandler                       0x08000267   Thumb Code     0  startup_stm32f427xx.o(.text)
    DCMI_IRQHandler                          0x08000267   Thumb Code     0  startup_stm32f427xx.o(.text)
    DMA1_Stream0_IRQHandler                  0x08000267   Thumb Code     0  startup_stm32f427xx.o(.text)
    DMA1_Stream1_IRQHandler                  0x08000267   Thumb Code     0  startup_stm32f427xx.o(.text)
    DMA1_Stream2_IRQHandler                  0x08000267   Thumb Code     0  startup_stm32f427xx.o(.text)
    DMA1_Stream3_IRQHandler                  0x08000267   Thumb Code     0  startup_stm32f427xx.o(.text)
    DMA1_Stream4_IRQHandler                  0x08000267   Thumb Code     0  startup_stm32f427xx.o(.text)
    DMA1_Stream5_IRQHandler                  0x08000267   Thumb Code     0  startup_stm32f427xx.o(.text)
    DMA1_Stream6_IRQHandler                  0x08000267   Thumb Code     0  startup_stm32f427xx.o(.text)
    DMA1_Stream7_IRQHandler                  0x08000267   Thumb Code     0  startup_stm32f427xx.o(.text)
    DMA2D_IRQHandler                         0x08000267   Thumb Code     0  startup_stm32f427xx.o(.text)
    DMA2_Stream0_IRQHandler                  0x08000267   Thumb Code     0  startup_stm32f427xx.o(.text)
    DMA2_Stream1_IRQHandler                  0x08000267   Thumb Code     0  startup_stm32f427xx.o(.text)
    DMA2_Stream2_IRQHandler                  0x08000267   Thumb Code     0  startup_stm32f427xx.o(.text)
    DMA2_Stream3_IRQHandler                  0x08000267   Thumb Code     0  startup_stm32f427xx.o(.text)
    DMA2_Stream4_IRQHandler                  0x08000267   Thumb Code     0  startup_stm32f427xx.o(.text)
    DMA2_Stream5_IRQHandler                  0x08000267   Thumb Code     0  startup_stm32f427xx.o(.text)
    DMA2_Stream6_IRQHandler                  0x08000267   Thumb Code     0  startup_stm32f427xx.o(.text)
    DMA2_Stream7_IRQHandler                  0x08000267   Thumb Code     0  startup_stm32f427xx.o(.text)
    ETH_IRQHandler                           0x08000267   Thumb Code     0  startup_stm32f427xx.o(.text)
    ETH_WKUP_IRQHandler                      0x08000267   Thumb Code     0  startup_stm32f427xx.o(.text)
    EXTI0_IRQHandler                         0x08000267   Thumb Code     0  startup_stm32f427xx.o(.text)
    EXTI15_10_IRQHandler                     0x08000267   Thumb Code     0  startup_stm32f427xx.o(.text)
    EXTI1_IRQHandler                         0x08000267   Thumb Code     0  startup_stm32f427xx.o(.text)
    EXTI2_IRQHandler                         0x08000267   Thumb Code     0  startup_stm32f427xx.o(.text)
    EXTI3_IRQHandler                         0x08000267   Thumb Code     0  startup_stm32f427xx.o(.text)
    EXTI4_IRQHandler                         0x08000267   Thumb Code     0  startup_stm32f427xx.o(.text)
    EXTI9_5_IRQHandler                       0x08000267   Thumb Code     0  startup_stm32f427xx.o(.text)
    FLASH_IRQHandler                         0x08000267   Thumb Code     0  startup_stm32f427xx.o(.text)
    FMC_IRQHandler                           0x08000267   Thumb Code     0  startup_stm32f427xx.o(.text)
    FPU_IRQHandler                           0x08000267   Thumb Code     0  startup_stm32f427xx.o(.text)
    HASH_RNG_IRQHandler                      0x08000267   Thumb Code     0  startup_stm32f427xx.o(.text)
    I2C1_ER_IRQHandler                       0x08000267   Thumb Code     0  startup_stm32f427xx.o(.text)
    I2C1_EV_IRQHandler                       0x08000267   Thumb Code     0  startup_stm32f427xx.o(.text)
    I2C2_ER_IRQHandler                       0x08000267   Thumb Code     0  startup_stm32f427xx.o(.text)
    I2C2_EV_IRQHandler                       0x08000267   Thumb Code     0  startup_stm32f427xx.o(.text)
    I2C3_ER_IRQHandler                       0x08000267   Thumb Code     0  startup_stm32f427xx.o(.text)
    I2C3_EV_IRQHandler                       0x08000267   Thumb Code     0  startup_stm32f427xx.o(.text)
    OTG_FS_IRQHandler                        0x08000267   Thumb Code     0  startup_stm32f427xx.o(.text)
    OTG_FS_WKUP_IRQHandler                   0x08000267   Thumb Code     0  startup_stm32f427xx.o(.text)
    OTG_HS_EP1_IN_IRQHandler                 0x08000267   Thumb Code     0  startup_stm32f427xx.o(.text)
    OTG_HS_EP1_OUT_IRQHandler                0x08000267   Thumb Code     0  startup_stm32f427xx.o(.text)
    OTG_HS_IRQHandler                        0x08000267   Thumb Code     0  startup_stm32f427xx.o(.text)
    OTG_HS_WKUP_IRQHandler                   0x08000267   Thumb Code     0  startup_stm32f427xx.o(.text)
    PVD_IRQHandler                           0x08000267   Thumb Code     0  startup_stm32f427xx.o(.text)
    RCC_IRQHandler                           0x08000267   Thumb Code     0  startup_stm32f427xx.o(.text)
    RTC_Alarm_IRQHandler                     0x08000267   Thumb Code     0  startup_stm32f427xx.o(.text)
    RTC_WKUP_IRQHandler                      0x08000267   Thumb Code     0  startup_stm32f427xx.o(.text)
    SAI1_IRQHandler                          0x08000267   Thumb Code     0  startup_stm32f427xx.o(.text)
    SDIO_IRQHandler                          0x08000267   Thumb Code     0  startup_stm32f427xx.o(.text)
    SPI1_IRQHandler                          0x08000267   Thumb Code     0  startup_stm32f427xx.o(.text)
    SPI2_IRQHandler                          0x08000267   Thumb Code     0  startup_stm32f427xx.o(.text)
    SPI3_IRQHandler                          0x08000267   Thumb Code     0  startup_stm32f427xx.o(.text)
    SPI4_IRQHandler                          0x08000267   Thumb Code     0  startup_stm32f427xx.o(.text)
    SPI5_IRQHandler                          0x08000267   Thumb Code     0  startup_stm32f427xx.o(.text)
    SPI6_IRQHandler                          0x08000267   Thumb Code     0  startup_stm32f427xx.o(.text)
    TAMP_STAMP_IRQHandler                    0x08000267   Thumb Code     0  startup_stm32f427xx.o(.text)
    TIM1_BRK_TIM9_IRQHandler                 0x08000267   Thumb Code     0  startup_stm32f427xx.o(.text)
    TIM1_CC_IRQHandler                       0x08000267   Thumb Code     0  startup_stm32f427xx.o(.text)
    TIM1_TRG_COM_TIM11_IRQHandler            0x08000267   Thumb Code     0  startup_stm32f427xx.o(.text)
    TIM1_UP_TIM10_IRQHandler                 0x08000267   Thumb Code     0  startup_stm32f427xx.o(.text)
    TIM2_IRQHandler                          0x08000267   Thumb Code     0  startup_stm32f427xx.o(.text)
    TIM3_IRQHandler                          0x08000267   Thumb Code     0  startup_stm32f427xx.o(.text)
    TIM4_IRQHandler                          0x08000267   Thumb Code     0  startup_stm32f427xx.o(.text)
    TIM5_IRQHandler                          0x08000267   Thumb Code     0  startup_stm32f427xx.o(.text)
    TIM6_DAC_IRQHandler                      0x08000267   Thumb Code     0  startup_stm32f427xx.o(.text)
    TIM7_IRQHandler                          0x08000267   Thumb Code     0  startup_stm32f427xx.o(.text)
    TIM8_CC_IRQHandler                       0x08000267   Thumb Code     0  startup_stm32f427xx.o(.text)
    TIM8_TRG_COM_TIM14_IRQHandler            0x08000267   Thumb Code     0  startup_stm32f427xx.o(.text)
    TIM8_UP_TIM13_IRQHandler                 0x08000267   Thumb Code     0  startup_stm32f427xx.o(.text)
    UART4_IRQHandler                         0x08000267   Thumb Code     0  startup_stm32f427xx.o(.text)
    UART5_IRQHandler                         0x08000267   Thumb Code     0  startup_stm32f427xx.o(.text)
    UART7_IRQHandler                         0x08000267   Thumb Code     0  startup_stm32f427xx.o(.text)
    UART8_IRQHandler                         0x08000267   Thumb Code     0  startup_stm32f427xx.o(.text)
    USART1_IRQHandler                        0x08000267   Thumb Code     0  startup_stm32f427xx.o(.text)
    USART2_IRQHandler                        0x08000267   Thumb Code     0  startup_stm32f427xx.o(.text)
    USART3_IRQHandler                        0x08000267   Thumb Code     0  startup_stm32f427xx.o(.text)
    USART6_IRQHandler                        0x08000267   Thumb Code     0  startup_stm32f427xx.o(.text)
    WWDG_IRQHandler                          0x08000267   Thumb Code     0  startup_stm32f427xx.o(.text)
    __user_initial_stackheap                 0x08000269   Thumb Code     0  startup_stm32f427xx.o(.text)
    rt_hw_interrupt_disable                  0x0800028d   Thumb Code     8  context_rvds.o(.text)
    rt_hw_interrupt_enable                   0x08000295   Thumb Code     6  context_rvds.o(.text)
    rt_hw_context_switch                     0x0800029b   Thumb Code    32  context_rvds.o(.text)
    rt_hw_context_switch_interrupt           0x0800029b   Thumb Code     0  context_rvds.o(.text)
    PendSV_Handler                           0x080002bb   Thumb Code   108  context_rvds.o(.text)
    rt_hw_context_switch_to                  0x08000327   Thumb Code    68  context_rvds.o(.text)
    rt_hw_interrupt_thread_switch            0x0800036b   Thumb Code     2  context_rvds.o(.text)
    HardFault_Handler                        0x0800036d   Thumb Code    56  context_rvds.o(.text)
    __aeabi_uldivmod                         0x080003c1   Thumb Code     0  lludivv7m.o(.text)
    _ll_udiv                                 0x080003c1   Thumb Code   238  lludivv7m.o(.text)
    strcpy                                   0x080004af   Thumb Code    72  strcpy.o(.text)
    strlen                                   0x080004f7   Thumb Code    62  strlen.o(.text)
    strncmp                                  0x08000535   Thumb Code   150  strncmp.o(.text)
    strcat                                   0x080005cb   Thumb Code    24  strcat.o(.text)
    __aeabi_memcpy4                          0x080005e3   Thumb Code     0  rt_memcpy_w.o(.text)
    __aeabi_memcpy8                          0x080005e3   Thumb Code     0  rt_memcpy_w.o(.text)
    __rt_memcpy_w                            0x080005e3   Thumb Code   100  rt_memcpy_w.o(.text)
    _memcpy_lastbytes_aligned                0x0800062b   Thumb Code     0  rt_memcpy_w.o(.text)
    __aeabi_memclr                           0x08000647   Thumb Code     0  rt_memclr.o(.text)
    __rt_memclr                              0x08000647   Thumb Code    68  rt_memclr.o(.text)
    _memset                                  0x0800064b   Thumb Code     0  rt_memclr.o(.text)
    __aeabi_memclr4                          0x0800068b   Thumb Code     0  rt_memclr_w.o(.text)
    __aeabi_memclr8                          0x0800068b   Thumb Code     0  rt_memclr_w.o(.text)
    __rt_memclr_w                            0x0800068b   Thumb Code    78  rt_memclr_w.o(.text)
    _memset_w                                0x0800068f   Thumb Code     0  rt_memclr_w.o(.text)
    strncpy                                  0x080006d9   Thumb Code    86  strncpy.o(.text)
    __use_two_region_memory                  0x0800072f   Thumb Code     2  heapauxi.o(.text)
    __rt_heap_escrow$2region                 0x08000731   Thumb Code     2  heapauxi.o(.text)
    __rt_heap_expand$2region                 0x08000733   Thumb Code     2  heapauxi.o(.text)
    __user_setup_stackheap                   0x08000735   Thumb Code    74  sys_stackheap_outer.o(.text)
    exit                                     0x0800077f   Thumb Code    18  exit.o(.text)
    __user_libspace                          0x08000791   Thumb Code     8  libspace.o(.text)
    __user_perproc_libspace                  0x08000791   Thumb Code     0  libspace.o(.text)
    __user_perthread_libspace                0x08000791   Thumb Code     0  libspace.o(.text)
    _sys_exit                                0x08000799   Thumb Code     8  sys_exit.o(.text)
    __I$use$semihosting                      0x080007a5   Thumb Code     0  use_no_semi.o(.text)
    __use_no_semihosting_swi                 0x080007a5   Thumb Code     2  use_no_semi.o(.text)
    __semihosting_library_function           0x080007a7   Thumb Code     0  indicate_semi.o(.text)
    main                                     0x080007a7   Thumb Code    10  components.o(i.$Sub$$main)
    BusFault_Handler                         0x080007b1   Thumb Code     2  stm32f4xx_it.o(i.BusFault_Handler)
    DebugMon_Handler                         0x080007b3   Thumb Code     2  stm32f4xx_it.o(i.DebugMon_Handler)
    Error_Handler                            0x080007b5   Thumb Code     4  main.o(i.Error_Handler)
    HAL_GPIO_Init                            0x080007b9   Thumb Code   510  stm32f4xx_hal_gpio.o(i.HAL_GPIO_Init)
    HAL_GetTick                              0x080009ed   Thumb Code     6  stm32f4xx_hal.o(i.HAL_GetTick)
    HAL_IncTick                              0x080009f9   Thumb Code    12  stm32f4xx_hal.o(i.HAL_IncTick)
    HAL_Init                                 0x08000a09   Thumb Code    48  stm32f4xx_hal.o(i.HAL_Init)
    HAL_InitTick                             0x08000a3d   Thumb Code   132  stm32f4xx_hal_timebase_tim.o(i.HAL_InitTick)
    HAL_MspInit                              0x08000ad5   Thumb Code    42  stm32f4xx_hal_msp.o(i.HAL_MspInit)
    HAL_NVIC_EnableIRQ                       0x08000b05   Thumb Code    26  stm32f4xx_hal_cortex.o(i.HAL_NVIC_EnableIRQ)
    HAL_NVIC_SetPriority                     0x08000b21   Thumb Code    60  stm32f4xx_hal_cortex.o(i.HAL_NVIC_SetPriority)
    HAL_NVIC_SetPriorityGrouping             0x08000b61   Thumb Code    26  stm32f4xx_hal_cortex.o(i.HAL_NVIC_SetPriorityGrouping)
    HAL_RCC_ClockConfig                      0x08000b85   Thumb Code   288  stm32f4xx_hal_rcc.o(i.HAL_RCC_ClockConfig)
    HAL_RCC_GetClockConfig                   0x08000cb9   Thumb Code    54  stm32f4xx_hal_rcc.o(i.HAL_RCC_GetClockConfig)
    HAL_RCC_GetHCLKFreq                      0x08000cf9   Thumb Code     6  stm32f4xx_hal_rcc.o(i.HAL_RCC_GetHCLKFreq)
    HAL_RCC_GetPCLK1Freq                     0x08000d05   Thumb Code    20  stm32f4xx_hal_rcc.o(i.HAL_RCC_GetPCLK1Freq)
    HAL_RCC_GetPCLK2Freq                     0x08000d25   Thumb Code    20  stm32f4xx_hal_rcc.o(i.HAL_RCC_GetPCLK2Freq)
    HAL_RCC_GetSysClockFreq                  0x08000d45   Thumb Code    88  stm32f4xx_hal_rcc.o(i.HAL_RCC_GetSysClockFreq)
    HAL_RCC_OscConfig                        0x08000da9   Thumb Code   856  stm32f4xx_hal_rcc.o(i.HAL_RCC_OscConfig)
    HAL_SYSTICK_Config                       0x08001115   Thumb Code    40  stm32f4xx_hal_cortex.o(i.HAL_SYSTICK_Config)
    HAL_TIMEx_BreakCallback                  0x0800113d   Thumb Code     2  stm32f4xx_hal_tim_ex.o(i.HAL_TIMEx_BreakCallback)
    HAL_TIMEx_CommutCallback                 0x0800113f   Thumb Code     2  stm32f4xx_hal_tim_ex.o(i.HAL_TIMEx_CommutCallback)
    HAL_TIM_Base_Init                        0x08001141   Thumb Code    90  stm32f4xx_hal_tim.o(i.HAL_TIM_Base_Init)
    HAL_TIM_Base_MspInit                     0x0800119b   Thumb Code     2  stm32f4xx_hal_tim.o(i.HAL_TIM_Base_MspInit)
    HAL_TIM_Base_Start_IT                    0x0800119d   Thumb Code   100  stm32f4xx_hal_tim.o(i.HAL_TIM_Base_Start_IT)
    HAL_TIM_IC_CaptureCallback               0x0800121d   Thumb Code     2  stm32f4xx_hal_tim.o(i.HAL_TIM_IC_CaptureCallback)
    HAL_TIM_IRQHandler                       0x0800121f   Thumb Code   304  stm32f4xx_hal_tim.o(i.HAL_TIM_IRQHandler)
    HAL_TIM_OC_DelayElapsedCallback          0x0800134f   Thumb Code     2  stm32f4xx_hal_tim.o(i.HAL_TIM_OC_DelayElapsedCallback)
    HAL_TIM_PWM_PulseFinishedCallback        0x08001351   Thumb Code     2  stm32f4xx_hal_tim.o(i.HAL_TIM_PWM_PulseFinishedCallback)
    HAL_TIM_PeriodElapsedCallback            0x08001355   Thumb Code    14  main.o(i.HAL_TIM_PeriodElapsedCallback)
    HAL_TIM_TriggerCallback                  0x08001369   Thumb Code     2  stm32f4xx_hal_tim.o(i.HAL_TIM_TriggerCallback)
    HAL_UART_Init                            0x0800136b   Thumb Code   100  stm32f4xx_hal_uart.o(i.HAL_UART_Init)
    HAL_UART_MspInit                         0x080013d1   Thumb Code    94  usart.o(i.HAL_UART_MspInit)
    HAL_UART_Transmit                        0x0800143d   Thumb Code   160  stm32f4xx_hal_uart.o(i.HAL_UART_Transmit)
    MX_GPIO_Init                             0x080014dd   Thumb Code    70  gpio.o(i.MX_GPIO_Init)
    MX_USART6_UART_Init                      0x08001529   Thumb Code    48  usart.o(i.MX_USART6_UART_Init)
    MemManage_Handler                        0x08001561   Thumb Code     2  stm32f4xx_it.o(i.MemManage_Handler)
    NMI_Handler                              0x08001563   Thumb Code     2  stm32f4xx_it.o(i.NMI_Handler)
    SysTick_Handler                          0x08001565   Thumb Code    18  board.o(i.SysTick_Handler)
    SystemClock_Config                       0x08001579   Thumb Code   140  main.o(i.SystemClock_Config)
    SystemCoreClockUpdate                    0x0800160d   Thumb Code   104  system_stm32f4xx.o(i.SystemCoreClockUpdate)
    SystemInit                               0x08001689   Thumb Code    12  system_stm32f4xx.o(i.SystemInit)
    TIM8_BRK_TIM12_IRQHandler                0x08001699   Thumb Code     6  stm32f4xx_it.o(i.TIM8_BRK_TIM12_IRQHandler)
    TIM_Base_SetConfig                       0x080016a5   Thumb Code   170  stm32f4xx_hal_tim.o(i.TIM_Base_SetConfig)
    UsageFault_Handler                       0x0800194b   Thumb Code     2  stm32f4xx_it.o(i.UsageFault_Handler)
    __rt_ffs                                 0x0800196d   Thumb Code    64  kservice.o(i.__rt_ffs)
    cmd_free                                 0x08001bf5   Thumb Code    10  msh.o(i.cmd_free)
    cmd_ps                                   0x08001bff   Thumb Code    10  msh.o(i.cmd_ps)
    finsh_get_prompt                         0x08001c09   Thumb Code    66  shell.o(i.finsh_get_prompt)
    finsh_set_prompt_mode                    0x08001c69   Thumb Code    16  shell.o(i.finsh_set_prompt_mode)
    finsh_system_function_init               0x08001c7d   Thumb Code     8  shell.o(i.finsh_system_function_init)
    finsh_system_init                        0x08001c89   Thumb Code    90  shell.o(i.finsh_system_init)
    finsh_thread_entry                       0x08001d1d   Thumb Code   612  shell.o(i.finsh_thread_entry)
    hello                                    0x08002021   Thumb Code    12  cmd.o(i.hello)
    list                                     0x08002041   Thumb Code    50  cmd.o(i.list)
    list_mem                                 0x08002131   Thumb Code    32  mem.o(i.list_mem)
    list_sem                                 0x0800219d   Thumb Code   214  cmd.o(i.list_sem)
    list_thread                              0x080022dd   Thumb Code   250  cmd.o(i.list_thread)
    list_timer                               0x08002495   Thumb Code   160  cmd.o(i.list_timer)
    $Super$$main                             0x080025d5   Thumb Code    84  main.o(i.main)
    main_thread_entry                        0x08002641   Thumb Code    14  components.o(i.main_thread_entry)
    msh_auto_complete                        0x08002729   Thumb Code   150  msh.o(i.msh_auto_complete)
    msh_exec                                 0x080027d5   Thumb Code    74  msh.o(i.msh_exec)
    msh_help                                 0x08002839   Thumb Code    58  msh.o(i.msh_help)
    msh_is_used                              0x080028b1   Thumb Code     4  msh.o(i.msh_is_used)
    rt_application_init                      0x08002b21   Thumb Code    32  components.o(i.rt_application_init)
    rt_calloc                                0x08002b4d   Thumb Code    26  mem.o(i.rt_calloc)
    rt_components_board_init                 0x08002b69   Thumb Code    20  components.o(i.rt_components_board_init)
    rt_components_init                       0x08002b85   Thumb Code    20  components.o(i.rt_components_init)
    rt_enter_critical                        0x08002ba1   Thumb Code    22  scheduler.o(i.rt_enter_critical)
    rt_exit_critical                         0x08002bbd   Thumb Code    52  scheduler.o(i.rt_exit_critical)
    rt_free                                  0x08002bf5   Thumb Code   112  mem.o(i.rt_free)
    rt_heap_begin_get                        0x08002cb9   Thumb Code     4  board.o(i.rt_heap_begin_get)
    rt_heap_end_get                          0x08002cc1   Thumb Code     4  board.o(i.rt_heap_end_get)
    rt_hw_board_init                         0x08002cc9   Thumb Code    54  board.o(i.rt_hw_board_init)
    rt_hw_console_getchar                    0x08002d01   Thumb Code    34  board.o(i.rt_hw_console_getchar)
    rt_hw_console_output                     0x08002d29   Thumb Code    66  board.o(i.rt_hw_console_output)
    rt_hw_hard_fault_exception               0x08002d71   Thumb Code   198  cpuport.o(i.rt_hw_hard_fault_exception)
    rt_hw_stack_init                         0x08002f89   Thumb Code    54  cpuport.o(i.rt_hw_stack_init)
    rt_interrupt_enter                       0x08002fc5   Thumb Code    22  irq.o(i.rt_interrupt_enter)
    rt_interrupt_leave                       0x08002fe1   Thumb Code    22  irq.o(i.rt_interrupt_leave)
    rt_kprintf                               0x08002ffd   Thumb Code    28  kservice.o(i.rt_kprintf)
    rt_malloc                                0x0800309d   Thumb Code   232  mem.o(i.rt_malloc)
    rt_memmove                               0x0800318d   Thumb Code    50  kservice.o(i.rt_memmove)
    rt_memset                                0x080031c1   Thumb Code    70  kservice.o(i.rt_memset)
    rt_object_allocate                       0x08003207   Thumb Code    80  object.o(i.rt_object_allocate)
    rt_object_delete                         0x08003257   Thumb Code    38  object.o(i.rt_object_delete)
    rt_object_detach                         0x0800327d   Thumb Code    32  object.o(i.rt_object_detach)
    rt_object_get_information                0x0800329d   Thumb Code    30  object.o(i.rt_object_get_information)
    rt_object_init                           0x080032c1   Thumb Code    80  object.o(i.rt_object_init)
    rt_object_is_systemobject                0x08003311   Thumb Code    14  object.o(i.rt_object_is_systemobject)
    rt_schedule                              0x08003321   Thumb Code    76  scheduler.o(i.rt_schedule)
    rt_schedule_insert_thread                0x08003379   Thumb Code    70  scheduler.o(i.rt_schedule_insert_thread)
    rt_schedule_remove_thread                0x080033c9   Thumb Code    64  scheduler.o(i.rt_schedule_remove_thread)
    rt_sem_init                              0x08003411   Thumb Code    36  ipc.o(i.rt_sem_init)
    rt_sem_release                           0x08003435   Thumb Code    74  ipc.o(i.rt_sem_release)
    rt_sem_take                              0x0800347f   Thumb Code   174  ipc.o(i.rt_sem_take)
    rt_show_version                          0x0800352d   Thumb Code    40  kservice.o(i.rt_show_version)
    rt_strlen                                0x080035dd   Thumb Code    16  kservice.o(i.rt_strlen)
    rt_strncpy                               0x080035ed   Thumb Code    38  kservice.o(i.rt_strncpy)
    rt_system_heap_init                      0x08003615   Thumb Code    96  mem.o(i.rt_system_heap_init)
    rt_system_scheduler_init                 0x080036c1   Thumb Code    44  scheduler.o(i.rt_system_scheduler_init)
    rt_system_scheduler_start                0x080036f5   Thumb Code    32  scheduler.o(i.rt_system_scheduler_start)
    rt_system_timer_init                     0x0800371d   Thumb Code     8  timer.o(i.rt_system_timer_init)
    rt_system_timer_thread_init              0x08003729   Thumb Code     2  timer.o(i.rt_system_timer_thread_init)
    rt_thread_create                         0x0800372b   Thumb Code    72  thread.o(i.rt_thread_create)
    rt_thread_exit                           0x08003775   Thumb Code    82  thread.o(i.rt_thread_exit)
    rt_thread_idle_excute                    0x080037d9   Thumb Code    70  idle.o(i.rt_thread_idle_excute)
    rt_thread_idle_init                      0x08003825   Thumb Code    40  idle.o(i.rt_thread_idle_init)
    rt_thread_init                           0x0800385d   Thumb Code    48  thread.o(i.rt_thread_init)
    rt_thread_mdelay                         0x0800388d   Thumb Code    14  thread.o(i.rt_thread_mdelay)
    rt_thread_resume                         0x0800389b   Thumb Code    60  thread.o(i.rt_thread_resume)
    rt_thread_self                           0x080038d9   Thumb Code     6  thread.o(i.rt_thread_self)
    rt_thread_sleep                          0x080038e5   Thumb Code    60  thread.o(i.rt_thread_sleep)
    rt_thread_startup                        0x08003925   Thumb Code    40  thread.o(i.rt_thread_startup)
    rt_thread_suspend                        0x08003951   Thumb Code    66  thread.o(i.rt_thread_suspend)
    rt_thread_timeout                        0x08003993   Thumb Code    32  thread.o(i.rt_thread_timeout)
    rt_thread_yield                          0x080039b5   Thumb Code    86  thread.o(i.rt_thread_yield)
    rt_tick_from_millisecond                 0x08003a15   Thumb Code    50  clock.o(i.rt_tick_from_millisecond)
    rt_tick_get                              0x08003a49   Thumb Code     6  clock.o(i.rt_tick_get)
    rt_tick_increase                         0x08003a55   Thumb Code    38  clock.o(i.rt_tick_increase)
    rt_timer_check                           0x08003a81   Thumb Code   136  timer.o(i.rt_timer_check)
    rt_timer_control                         0x08003b0d   Thumb Code    72  timer.o(i.rt_timer_control)
    rt_timer_detach                          0x08003b55   Thumb Code    40  timer.o(i.rt_timer_detach)
    rt_timer_init                            0x08003b7d   Thumb Code    40  timer.o(i.rt_timer_init)
    rt_timer_start                           0x08003ba5   Thumb Code   126  timer.o(i.rt_timer_start)
    rt_timer_stop                            0x08003c29   Thumb Code    46  timer.o(i.rt_timer_stop)
    rt_vsnprintf                             0x08003c59   Thumb Code   634  kservice.o(i.rt_vsnprintf)
    rtthread_startup                         0x08003eed   Thumb Code    42  components.o(i.rtthread_startup)
    thread01                                 0x08003f41   Thumb Code    18  main.o(i.thread01)
    thread02                                 0x08003f5d   Thumb Code    18  main.o(i.thread02)
    version                                  0x0800407d   Thumb Code    10  cmd.o(i.version)
    _fp_init                                 0x08004087   Thumb Code    10  fpinit.o(x$fpl$fpinit)
    __fplib_config_fpu_vfp                   0x0800408f   Thumb Code     0  fpinit.o(x$fpl$fpinit)
    __fplib_config_pureend_doubles           0x0800408f   Thumb Code     0  fpinit.o(x$fpl$fpinit)
    AHBPrescTable                            0x08004090   Data          16  system_stm32f4xx.o(.constdata)
    APBPrescTable                            0x080040a0   Data           8  system_stm32f4xx.o(.constdata)
    __lowest_bit_bitmap                      0x080040a8   Data         256  kservice.o(.constdata)
    __fsym_list_mem_name                     0x08004210   Data           9  mem.o(.rodata.name)
    __fsym_list_mem_desc                     0x08004219   Data          30  mem.o(.rodata.name)
    __fsym_hello_name                        0x08004237   Data           6  cmd.o(.rodata.name)
    __fsym_hello_desc                        0x0800423d   Data          16  cmd.o(.rodata.name)
    __fsym_version_name                      0x0800424d   Data           8  cmd.o(.rodata.name)
    __fsym_version_desc                      0x08004255   Data          35  cmd.o(.rodata.name)
    __fsym___cmd_version_name                0x08004278   Data          14  cmd.o(.rodata.name)
    __fsym___cmd_version_desc                0x08004286   Data          35  cmd.o(.rodata.name)
    __fsym_list_thread_name                  0x080042a9   Data          12  cmd.o(.rodata.name)
    __fsym_list_thread_desc                  0x080042b5   Data          12  cmd.o(.rodata.name)
    __fsym___cmd_list_thread_name            0x080042c1   Data          18  cmd.o(.rodata.name)
    __fsym___cmd_list_thread_desc            0x080042d3   Data          12  cmd.o(.rodata.name)
    __fsym_list_sem_name                     0x080042df   Data           9  cmd.o(.rodata.name)
    __fsym_list_sem_desc                     0x080042e8   Data          25  cmd.o(.rodata.name)
    __fsym___cmd_list_sem_name               0x08004301   Data          15  cmd.o(.rodata.name)
    __fsym___cmd_list_sem_desc               0x08004310   Data          25  cmd.o(.rodata.name)
    __fsym_list_timer_name                   0x08004329   Data          11  cmd.o(.rodata.name)
    __fsym_list_timer_desc                   0x08004334   Data          21  cmd.o(.rodata.name)
    __fsym___cmd_list_timer_name             0x08004349   Data          17  cmd.o(.rodata.name)
    __fsym___cmd_list_timer_desc             0x0800435a   Data          21  cmd.o(.rodata.name)
    __fsym_list_name                         0x0800436f   Data           5  cmd.o(.rodata.name)
    __fsym_list_desc                         0x08004374   Data          26  cmd.o(.rodata.name)
    __fsym___cmd_help_name                   0x0800438e   Data          11  msh.o(.rodata.name)
    __fsym___cmd_help_desc                   0x08004399   Data          22  msh.o(.rodata.name)
    __fsym___cmd_ps_name                     0x080043af   Data           9  msh.o(.rodata.name)
    __fsym___cmd_ps_desc                     0x080043b8   Data          28  msh.o(.rodata.name)
    __fsym___cmd_free_name                   0x080043d4   Data          11  msh.o(.rodata.name)
    __fsym___cmd_free_desc                   0x080043df   Data          37  msh.o(.rodata.name)
    __rt_init_rti_start                      0x08004404   Data           4  components.o(.rti_fn.0)
    __rt_init_rti_board_start                0x08004408   Data           4  components.o(.rti_fn.0.end)
    __rt_init_uart_init                      0x0800440c   Data           4  board.o(.rti_fn.1)
    __rt_init_rti_board_end                  0x08004410   Data           4  components.o(.rti_fn.1.end)
    __rt_init_finsh_system_init              0x08004414   Data           4  shell.o(.rti_fn.6)
    __rt_init_rti_end                        0x08004418   Data           4  components.o(.rti_fn.6.end)
    FSymTab$$Base                            0x0800441c   Number         0  mem.o(FSymTab)
    __fsym_list_mem                          0x0800441c   Data          12  mem.o(FSymTab)
    __fsym_hello                             0x08004428   Data          12  cmd.o(FSymTab)
    __fsym_version                           0x08004434   Data          12  cmd.o(FSymTab)
    __fsym___cmd_version                     0x08004440   Data          12  cmd.o(FSymTab)
    __fsym_list_thread                       0x0800444c   Data          12  cmd.o(FSymTab)
    __fsym___cmd_list_thread                 0x08004458   Data          12  cmd.o(FSymTab)
    __fsym_list_sem                          0x08004464   Data          12  cmd.o(FSymTab)
    __fsym___cmd_list_sem                    0x08004470   Data          12  cmd.o(FSymTab)
    __fsym_list_timer                        0x0800447c   Data          12  cmd.o(FSymTab)
    __fsym___cmd_list_timer                  0x08004488   Data          12  cmd.o(FSymTab)
    __fsym_list                              0x08004494   Data          12  cmd.o(FSymTab)
    __fsym___cmd_help                        0x080044a0   Data          12  msh.o(FSymTab)
    __fsym___cmd_ps                          0x080044ac   Data          12  msh.o(FSymTab)
    __fsym___cmd_free                        0x080044b8   Data          12  msh.o(FSymTab)
    FSymTab$$Limit                           0x080044c4   Number         0  msh.o(FSymTab)
    Region$$Table$$Base                      0x080044c4   Number         0  anon$$obj.o(Region$$Table)
    Region$$Table$$Limit                     0x080044e4   Number         0  anon$$obj.o(Region$$Table)
    uwTickFreq                               0x20000000   Data           1  stm32f4xx_hal.o(.data)
    uwTickPrio                               0x20000004   Data           4  stm32f4xx_hal.o(.data)
    uwTick                                   0x20000008   Data           4  stm32f4xx_hal.o(.data)
    SystemCoreClock                          0x2000000c   Data           4  system_stm32f4xx.o(.data)
    rt_interrupt_nest                        0x20000014   Data           1  irq.o(.data)
    rt_current_priority                      0x20000060   Data           1  scheduler.o(.data)
    rt_current_thread                        0x20000064   Data           4  scheduler.o(.data)
    rt_thread_ready_priority_group           0x20000068   Data           4  scheduler.o(.data)
    rt_thread_defunct                        0x2000006c   Data           8  scheduler.o(.data)
    rt_interrupt_from_thread                 0x20000084   Data           4  cpuport.o(.data)
    rt_interrupt_to_thread                   0x20000088   Data           4  cpuport.o(.data)
    rt_thread_switch_interrupt_flag          0x2000008c   Data           4  cpuport.o(.data)
    _syscall_table_begin                     0x20000090   Data           4  shell.o(.data)
    _syscall_table_end                       0x20000094   Data           4  shell.o(.data)
    _sysvar_table_begin                      0x20000098   Data           4  shell.o(.data)
    _sysvar_table_end                        0x2000009c   Data           4  shell.o(.data)
    shell                                    0x200000a4   Data           4  shell.o(.data)
    huart6                                   0x200000a8   Data          72  usart.o(.bss)
    htim12                                   0x200000f0   Data          72  stm32f4xx_hal_timebase_tim.o(.bss)
    rt_thread_priority_table                 0x20000350   Data         256  scheduler.o(.bss)
    __libspace_start                         0x2000411c   Data          96  libspace.o(.bss)
    __temporary_stack_top$libspace           0x2000417c   Data           0  libspace.o(.bss)



==============================================================================

Memory Map of the image

  Image Entry point : 0x080001ad

  Load Region LR_IROM1 (Base: 0x08000000, Size: 0x0000458c, Max: 0x00100000, ABSOLUTE)

    Execution Region ER_IROM1 (Exec base: 0x08000000, Load base: 0x08000000, Size: 0x000044e4, Max: 0x00100000, ABSOLUTE)

    Exec Addr    Load Addr    Size         Type   Attr      Idx    E Section Name        Object

    0x08000000   0x08000000   0x000001ac   Data   RO            3    RESET               startup_stm32f427xx.o
    0x080001ac   0x080001ac   0x00000008   Code   RO         4277  * !!!main             c_w.l(__main.o)
    0x080001b4   0x080001b4   0x00000034   Code   RO         4444    !!!scatter          c_w.l(__scatter.o)
    0x080001e8   0x080001e8   0x0000001a   Code   RO         4446    !!handler_copy      c_w.l(__scatter_copy.o)
    0x08000202   0x08000202   0x00000002   PAD
    0x08000204   0x08000204   0x0000001c   Code   RO         4448    !!handler_zi        c_w.l(__scatter_zi.o)
    0x08000220   0x08000220   0x00000002   Code   RO         4314    .ARM.Collect$$libinit$$00000000  c_w.l(libinit.o)
    0x08000222   0x08000222   0x00000004   Code   RO         4326    .ARM.Collect$$libinit$$00000001  c_w.l(libinit2.o)
    0x08000226   0x08000226   0x00000000   Code   RO         4329    .ARM.Collect$$libinit$$00000004  c_w.l(libinit2.o)
    0x08000226   0x08000226   0x00000000   Code   RO         4332    .ARM.Collect$$libinit$$0000000A  c_w.l(libinit2.o)
    0x08000226   0x08000226   0x00000000   Code   RO         4334    .ARM.Collect$$libinit$$0000000C  c_w.l(libinit2.o)
    0x08000226   0x08000226   0x00000000   Code   RO         4336    .ARM.Collect$$libinit$$0000000E  c_w.l(libinit2.o)
    0x08000226   0x08000226   0x00000000   Code   RO         4339    .ARM.Collect$$libinit$$00000011  c_w.l(libinit2.o)
    0x08000226   0x08000226   0x00000000   Code   RO         4341    .ARM.Collect$$libinit$$00000013  c_w.l(libinit2.o)
    0x08000226   0x08000226   0x00000000   Code   RO         4343    .ARM.Collect$$libinit$$00000015  c_w.l(libinit2.o)
    0x08000226   0x08000226   0x00000000   Code   RO         4345    .ARM.Collect$$libinit$$00000017  c_w.l(libinit2.o)
    0x08000226   0x08000226   0x00000000   Code   RO         4347    .ARM.Collect$$libinit$$00000019  c_w.l(libinit2.o)
    0x08000226   0x08000226   0x00000000   Code   RO         4349    .ARM.Collect$$libinit$$0000001B  c_w.l(libinit2.o)
    0x08000226   0x08000226   0x00000000   Code   RO         4351    .ARM.Collect$$libinit$$0000001D  c_w.l(libinit2.o)
    0x08000226   0x08000226   0x00000000   Code   RO         4353    .ARM.Collect$$libinit$$0000001F  c_w.l(libinit2.o)
    0x08000226   0x08000226   0x00000000   Code   RO         4355    .ARM.Collect$$libinit$$00000021  c_w.l(libinit2.o)
    0x08000226   0x08000226   0x00000000   Code   RO         4357    .ARM.Collect$$libinit$$00000023  c_w.l(libinit2.o)
    0x08000226   0x08000226   0x00000000   Code   RO         4359    .ARM.Collect$$libinit$$00000025  c_w.l(libinit2.o)
    0x08000226   0x08000226   0x00000000   Code   RO         4363    .ARM.Collect$$libinit$$0000002C  c_w.l(libinit2.o)
    0x08000226   0x08000226   0x00000000   Code   RO         4365    .ARM.Collect$$libinit$$0000002E  c_w.l(libinit2.o)
    0x08000226   0x08000226   0x00000000   Code   RO         4367    .ARM.Collect$$libinit$$00000030  c_w.l(libinit2.o)
    0x08000226   0x08000226   0x00000000   Code   RO         4369    .ARM.Collect$$libinit$$00000032  c_w.l(libinit2.o)
    0x08000226   0x08000226   0x00000002   Code   RO         4370    .ARM.Collect$$libinit$$00000033  c_w.l(libinit2.o)
    0x08000228   0x08000228   0x00000002   Code   RO         4401    .ARM.Collect$$libshutdown$$00000000  c_w.l(libshutdown.o)
    0x0800022a   0x0800022a   0x00000000   Code   RO         4427    .ARM.Collect$$libshutdown$$00000002  c_w.l(libshutdown2.o)
    0x0800022a   0x0800022a   0x00000000   Code   RO         4429    .ARM.Collect$$libshutdown$$00000004  c_w.l(libshutdown2.o)
    0x0800022a   0x0800022a   0x00000000   Code   RO         4432    .ARM.Collect$$libshutdown$$00000007  c_w.l(libshutdown2.o)
    0x0800022a   0x0800022a   0x00000000   Code   RO         4435    .ARM.Collect$$libshutdown$$0000000A  c_w.l(libshutdown2.o)
    0x0800022a   0x0800022a   0x00000000   Code   RO         4437    .ARM.Collect$$libshutdown$$0000000C  c_w.l(libshutdown2.o)
    0x0800022a   0x0800022a   0x00000000   Code   RO         4440    .ARM.Collect$$libshutdown$$0000000F  c_w.l(libshutdown2.o)
    0x0800022a   0x0800022a   0x00000002   Code   RO         4441    .ARM.Collect$$libshutdown$$00000010  c_w.l(libshutdown2.o)
    0x0800022c   0x0800022c   0x00000000   Code   RO         4279    .ARM.Collect$$rtentry$$00000000  c_w.l(__rtentry.o)
    0x0800022c   0x0800022c   0x00000000   Code   RO         4285    .ARM.Collect$$rtentry$$00000002  c_w.l(__rtentry2.o)
    0x0800022c   0x0800022c   0x00000006   Code   RO         4297    .ARM.Collect$$rtentry$$00000004  c_w.l(__rtentry4.o)
    0x08000232   0x08000232   0x00000000   Code   RO         4287    .ARM.Collect$$rtentry$$00000009  c_w.l(__rtentry2.o)
    0x08000232   0x08000232   0x00000004   Code   RO         4288    .ARM.Collect$$rtentry$$0000000A  c_w.l(__rtentry2.o)
    0x08000236   0x08000236   0x00000000   Code   RO         4290    .ARM.Collect$$rtentry$$0000000C  c_w.l(__rtentry2.o)
    0x08000236   0x08000236   0x00000008   Code   RO         4291    .ARM.Collect$$rtentry$$0000000D  c_w.l(__rtentry2.o)
    0x0800023e   0x0800023e   0x00000002   Code   RO         4318    .ARM.Collect$$rtexit$$00000000  c_w.l(rtexit.o)
    0x08000240   0x08000240   0x00000000   Code   RO         4374    .ARM.Collect$$rtexit$$00000002  c_w.l(rtexit2.o)
    0x08000240   0x08000240   0x00000004   Code   RO         4375    .ARM.Collect$$rtexit$$00000003  c_w.l(rtexit2.o)
    0x08000244   0x08000244   0x00000006   Code   RO         4376    .ARM.Collect$$rtexit$$00000004  c_w.l(rtexit2.o)
    0x0800024a   0x0800024a   0x00000002   PAD
    0x0800024c   0x0800024c   0x00000040   Code   RO            4    .text               startup_stm32f427xx.o
    0x0800028c   0x0800028c   0x00000134   Code   RO         2986    .text               context_rvds.o
    0x080003c0   0x080003c0   0x000000ee   Code   RO         4257    .text               c_w.l(lludivv7m.o)
    0x080004ae   0x080004ae   0x00000048   Code   RO         4259    .text               c_w.l(strcpy.o)
    0x080004f6   0x080004f6   0x0000003e   Code   RO         4261    .text               c_w.l(strlen.o)
    0x08000534   0x08000534   0x00000096   Code   RO         4263    .text               c_w.l(strncmp.o)
    0x080005ca   0x080005ca   0x00000018   Code   RO         4265    .text               c_w.l(strcat.o)
    0x080005e2   0x080005e2   0x00000064   Code   RO         4267    .text               c_w.l(rt_memcpy_w.o)
    0x08000646   0x08000646   0x00000044   Code   RO         4269    .text               c_w.l(rt_memclr.o)
    0x0800068a   0x0800068a   0x0000004e   Code   RO         4271    .text               c_w.l(rt_memclr_w.o)
    0x080006d8   0x080006d8   0x00000056   Code   RO         4273    .text               c_w.l(strncpy.o)
    0x0800072e   0x0800072e   0x00000006   Code   RO         4275    .text               c_w.l(heapauxi.o)
    0x08000734   0x08000734   0x0000004a   Code   RO         4301    .text               c_w.l(sys_stackheap_outer.o)
    0x0800077e   0x0800077e   0x00000012   Code   RO         4303    .text               c_w.l(exit.o)
    0x08000790   0x08000790   0x00000008   Code   RO         4315    .text               c_w.l(libspace.o)
    0x08000798   0x08000798   0x0000000c   Code   RO         4371    .text               c_w.l(sys_exit.o)
    0x080007a4   0x080007a4   0x00000002   Code   RO         4390    .text               c_w.l(use_no_semi.o)
    0x080007a6   0x080007a6   0x00000000   Code   RO         4392    .text               c_w.l(indicate_semi.o)
    0x080007a6   0x080007a6   0x0000000a   Code   RO         3031    i.$Sub$$main        components.o
    0x080007b0   0x080007b0   0x00000002   Code   RO          262    i.BusFault_Handler  stm32f4xx_it.o
    0x080007b2   0x080007b2   0x00000002   Code   RO          263    i.DebugMon_Handler  stm32f4xx_it.o
    0x080007b4   0x080007b4   0x00000004   Code   RO           13    i.Error_Handler     main.o
    0x080007b8   0x080007b8   0x00000234   Code   RO          790    i.HAL_GPIO_Init     stm32f4xx_hal_gpio.o
    0x080009ec   0x080009ec   0x0000000c   Code   RO         1360    i.HAL_GetTick       stm32f4xx_hal.o
    0x080009f8   0x080009f8   0x00000010   Code   RO         1366    i.HAL_IncTick       stm32f4xx_hal.o
    0x08000a08   0x08000a08   0x00000034   Code   RO         1367    i.HAL_Init          stm32f4xx_hal.o
    0x08000a3c   0x08000a3c   0x00000098   Code   RO          344    i.HAL_InitTick      stm32f4xx_hal_timebase_tim.o
    0x08000ad4   0x08000ad4   0x00000030   Code   RO          320    i.HAL_MspInit       stm32f4xx_hal_msp.o
    0x08000b04   0x08000b04   0x0000001a   Code   RO         1200    i.HAL_NVIC_EnableIRQ  stm32f4xx_hal_cortex.o
    0x08000b1e   0x08000b1e   0x00000002   PAD
    0x08000b20   0x08000b20   0x00000040   Code   RO         1206    i.HAL_NVIC_SetPriority  stm32f4xx_hal_cortex.o
    0x08000b60   0x08000b60   0x00000024   Code   RO         1207    i.HAL_NVIC_SetPriorityGrouping  stm32f4xx_hal_cortex.o
    0x08000b84   0x08000b84   0x00000134   Code   RO          384    i.HAL_RCC_ClockConfig  stm32f4xx_hal_rcc.o
    0x08000cb8   0x08000cb8   0x00000040   Code   RO          388    i.HAL_RCC_GetClockConfig  stm32f4xx_hal_rcc.o
    0x08000cf8   0x08000cf8   0x0000000c   Code   RO          389    i.HAL_RCC_GetHCLKFreq  stm32f4xx_hal_rcc.o
    0x08000d04   0x08000d04   0x00000020   Code   RO          391    i.HAL_RCC_GetPCLK1Freq  stm32f4xx_hal_rcc.o
    0x08000d24   0x08000d24   0x00000020   Code   RO          392    i.HAL_RCC_GetPCLK2Freq  stm32f4xx_hal_rcc.o
    0x08000d44   0x08000d44   0x00000064   Code   RO          393    i.HAL_RCC_GetSysClockFreq  stm32f4xx_hal_rcc.o
    0x08000da8   0x08000da8   0x0000036c   Code   RO          396    i.HAL_RCC_OscConfig  stm32f4xx_hal_rcc.o
    0x08001114   0x08001114   0x00000028   Code   RO         1211    i.HAL_SYSTICK_Config  stm32f4xx_hal_cortex.o
    0x0800113c   0x0800113c   0x00000002   Code   RO         2321    i.HAL_TIMEx_BreakCallback  stm32f4xx_hal_tim_ex.o
    0x0800113e   0x0800113e   0x00000002   Code   RO         2322    i.HAL_TIMEx_CommutCallback  stm32f4xx_hal_tim_ex.o
    0x08001140   0x08001140   0x0000005a   Code   RO         1617    i.HAL_TIM_Base_Init  stm32f4xx_hal_tim.o
    0x0800119a   0x0800119a   0x00000002   Code   RO         1619    i.HAL_TIM_Base_MspInit  stm32f4xx_hal_tim.o
    0x0800119c   0x0800119c   0x00000080   Code   RO         1622    i.HAL_TIM_Base_Start_IT  stm32f4xx_hal_tim.o
    0x0800121c   0x0800121c   0x00000002   Code   RO         1651    i.HAL_TIM_IC_CaptureCallback  stm32f4xx_hal_tim.o
    0x0800121e   0x0800121e   0x00000130   Code   RO         1665    i.HAL_TIM_IRQHandler  stm32f4xx_hal_tim.o
    0x0800134e   0x0800134e   0x00000002   Code   RO         1668    i.HAL_TIM_OC_DelayElapsedCallback  stm32f4xx_hal_tim.o
    0x08001350   0x08001350   0x00000002   Code   RO         1695    i.HAL_TIM_PWM_PulseFinishedCallback  stm32f4xx_hal_tim.o
    0x08001352   0x08001352   0x00000002   PAD
    0x08001354   0x08001354   0x00000014   Code   RO           14    i.HAL_TIM_PeriodElapsedCallback  main.o
    0x08001368   0x08001368   0x00000002   Code   RO         1708    i.HAL_TIM_TriggerCallback  stm32f4xx_hal_tim.o
    0x0800136a   0x0800136a   0x00000064   Code   RO         2618    i.HAL_UART_Init     stm32f4xx_hal_uart.o
    0x080013ce   0x080013ce   0x00000002   PAD
    0x080013d0   0x080013d0   0x0000006c   Code   RO          221    i.HAL_UART_MspInit  usart.o
    0x0800143c   0x0800143c   0x000000a0   Code   RO         2626    i.HAL_UART_Transmit  stm32f4xx_hal_uart.o
    0x080014dc   0x080014dc   0x0000004c   Code   RO          196    i.MX_GPIO_Init      gpio.o
    0x08001528   0x08001528   0x00000038   Code   RO          222    i.MX_USART6_UART_Init  usart.o
    0x08001560   0x08001560   0x00000002   Code   RO          264    i.MemManage_Handler  stm32f4xx_it.o
    0x08001562   0x08001562   0x00000002   Code   RO          265    i.NMI_Handler       stm32f4xx_it.o
    0x08001564   0x08001564   0x00000012   Code   RO         3943    i.SysTick_Handler   board.o
    0x08001576   0x08001576   0x00000002   PAD
    0x08001578   0x08001578   0x00000094   Code   RO           15    i.SystemClock_Config  main.o
    0x0800160c   0x0800160c   0x0000007c   Code   RO         2951    i.SystemCoreClockUpdate  system_stm32f4xx.o
    0x08001688   0x08001688   0x00000010   Code   RO         2952    i.SystemInit        system_stm32f4xx.o
    0x08001698   0x08001698   0x0000000c   Code   RO          266    i.TIM8_BRK_TIM12_IRQHandler  stm32f4xx_it.o
    0x080016a4   0x080016a4   0x000000d8   Code   RO         1710    i.TIM_Base_SetConfig  stm32f4xx_hal_tim.o
    0x0800177c   0x0800177c   0x0000004e   Code   RO         2641    i.UART_EndRxTransfer  stm32f4xx_hal_uart.o
    0x080017ca   0x080017ca   0x00000002   PAD
    0x080017cc   0x080017cc   0x0000010c   Code   RO         2644    i.UART_SetConfig    stm32f4xx_hal_uart.o
    0x080018d8   0x080018d8   0x00000072   Code   RO         2647    i.UART_WaitOnFlagUntilTimeout  stm32f4xx_hal_uart.o
    0x0800194a   0x0800194a   0x00000002   Code   RO          267    i.UsageFault_Handler  stm32f4xx_it.o
    0x0800194c   0x0800194c   0x00000020   Code   RO         1213    i.__NVIC_SetPriority  stm32f4xx_hal_cortex.o
    0x0800196c   0x0800196c   0x00000044   Code   RO         3233    i.__rt_ffs          kservice.o
    0x080019b0   0x080019b0   0x0000009c   Code   RO         4102    i._msh_exec_cmd     msh.o
    0x08001a4c   0x08001a4c   0x00000080   Code   RO         3651    i._rt_thread_init   thread.o
    0x08001acc   0x08001acc   0x0000001c   Code   RO         3781    i._rt_timer_init    timer.o
    0x08001ae8   0x08001ae8   0x00000006   Code   RO         3782    i._rt_timer_remove  timer.o
    0x08001aee   0x08001aee   0x0000001c   Code   RO         3652    i._thread_cleanup_execute  thread.o
    0x08001b0a   0x08001b0a   0x00000002   PAD
    0x08001b0c   0x08001b0c   0x000000e8   Code   RO         3878    i.bus_fault_track   cpuport.o
    0x08001bf4   0x08001bf4   0x0000000a   Code   RO         4103    i.cmd_free          msh.o
    0x08001bfe   0x08001bfe   0x0000000a   Code   RO         4104    i.cmd_ps            msh.o
    0x08001c08   0x08001c08   0x00000060   Code   RO         4170    i.finsh_get_prompt  shell.o
    0x08001c68   0x08001c68   0x00000014   Code   RO         4174    i.finsh_set_prompt_mode  shell.o
    0x08001c7c   0x08001c7c   0x0000000c   Code   RO         4175    i.finsh_system_function_init  shell.o
    0x08001c88   0x08001c88   0x00000094   Code   RO         4176    i.finsh_system_init  shell.o
    0x08001d1c   0x08001d1c   0x0000028c   Code   RO         4178    i.finsh_thread_entry  shell.o
    0x08001fa8   0x08001fa8   0x00000078   Code   RO         3879    i.hard_fault_track  cpuport.o
    0x08002020   0x08002020   0x00000020   Code   RO         4003    i.hello             cmd.o
    0x08002040   0x08002040   0x00000064   Code   RO         4004    i.list              cmd.o
    0x080020a4   0x080020a4   0x00000024   Code   RO         4005    i.list_find_init    cmd.o
    0x080020c8   0x080020c8   0x00000066   Code   RO         4006    i.list_get_next     cmd.o
    0x0800212e   0x0800212e   0x00000002   PAD
    0x08002130   0x08002130   0x0000006c   Code   RO         3407    i.list_mem          mem.o
    0x0800219c   0x0800219c   0x00000140   Code   RO         4007    i.list_sem          cmd.o
    0x080022dc   0x080022dc   0x000001b8   Code   RO         4008    i.list_thread       cmd.o
    0x08002494   0x08002494   0x00000140   Code   RO         4009    i.list_timer        cmd.o
    0x080025d4   0x080025d4   0x0000006c   Code   RO           16    i.main              main.o
    0x08002640   0x08002640   0x0000000e   Code   RO         3032    i.main_thread_entry  components.o
    0x0800264e   0x0800264e   0x00000002   PAD
    0x08002650   0x08002650   0x000000d8   Code   RO         3880    i.mem_manage_fault_track  cpuport.o
    0x08002728   0x08002728   0x000000ac   Code   RO         4105    i.msh_auto_complete  msh.o
    0x080027d4   0x080027d4   0x00000064   Code   RO         4106    i.msh_exec          msh.o
    0x08002838   0x08002838   0x00000078   Code   RO         4107    i.msh_help          msh.o
    0x080028b0   0x080028b0   0x00000004   Code   RO         4108    i.msh_is_used       msh.o
    0x080028b4   0x080028b4   0x000000d0   Code   RO         4109    i.msh_split         msh.o
    0x08002984   0x08002984   0x00000018   Code   RO         4010    i.object_split      cmd.o
    0x0800299c   0x0800299c   0x00000054   Code   RO         3408    i.plug_holes        mem.o
    0x080029f0   0x080029f0   0x00000130   Code   RO         3235    i.print_number      kservice.o
    0x08002b20   0x08002b20   0x0000002c   Code   RO         3033    i.rt_application_init  components.o
    0x08002b4c   0x08002b4c   0x0000001a   Code   RO         3409    i.rt_calloc         mem.o
    0x08002b66   0x08002b66   0x00000002   PAD
    0x08002b68   0x08002b68   0x0000001c   Code   RO         3034    i.rt_components_board_init  components.o
    0x08002b84   0x08002b84   0x0000001c   Code   RO         3035    i.rt_components_init  components.o
    0x08002ba0   0x08002ba0   0x0000001c   Code   RO         3584    i.rt_enter_critical  scheduler.o
    0x08002bbc   0x08002bbc   0x00000038   Code   RO         3585    i.rt_exit_critical  scheduler.o
    0x08002bf4   0x08002bf4   0x000000c4   Code   RO         3410    i.rt_free           mem.o
    0x08002cb8   0x08002cb8   0x00000008   Code   RO         3944    i.rt_heap_begin_get  board.o
    0x08002cc0   0x08002cc0   0x00000008   Code   RO         3945    i.rt_heap_end_get   board.o
    0x08002cc8   0x08002cc8   0x00000036   Code   RO         3946    i.rt_hw_board_init  board.o
    0x08002cfe   0x08002cfe   0x00000002   PAD
    0x08002d00   0x08002d00   0x00000028   Code   RO         3947    i.rt_hw_console_getchar  board.o
    0x08002d28   0x08002d28   0x00000048   Code   RO         3948    i.rt_hw_console_output  board.o
    0x08002d70   0x08002d70   0x00000218   Code   RO         3884    i.rt_hw_hard_fault_exception  cpuport.o
    0x08002f88   0x08002f88   0x0000003c   Code   RO         3885    i.rt_hw_stack_init  cpuport.o
    0x08002fc4   0x08002fc4   0x0000001c   Code   RO         3206    i.rt_interrupt_enter  irq.o
    0x08002fe0   0x08002fe0   0x0000001c   Code   RO         3208    i.rt_interrupt_leave  irq.o
    0x08002ffc   0x08002ffc   0x00000020   Code   RO         3239    i.rt_kprintf        kservice.o
    0x0800301c   0x0800301c   0x0000000e   Code   RO         3496    i.rt_list_insert_after  object.o
    0x0800302a   0x0800302a   0x0000000e   Code   RO         3653    i.rt_list_insert_after  thread.o
    0x08003038   0x08003038   0x0000000e   Code   RO         3783    i.rt_list_insert_after  timer.o
    0x08003046   0x08003046   0x0000000e   Code   RO         3140    i.rt_list_insert_before  ipc.o
    0x08003054   0x08003054   0x00000012   Code   RO         4011    i.rt_list_len       cmd.o
    0x08003066   0x08003066   0x00000012   Code   RO         3497    i.rt_list_remove    object.o
    0x08003078   0x08003078   0x00000012   Code   RO         3654    i.rt_list_remove    thread.o
    0x0800308a   0x0800308a   0x00000012   Code   RO         3784    i.rt_list_remove    timer.o
    0x0800309c   0x0800309c   0x000000f0   Code   RO         3411    i.rt_malloc         mem.o
    0x0800318c   0x0800318c   0x00000032   Code   RO         3244    i.rt_memmove        kservice.o
    0x080031be   0x080031be   0x00000002   PAD
    0x080031c0   0x080031c0   0x00000046   Code   RO         3245    i.rt_memset         kservice.o
    0x08003206   0x08003206   0x00000050   Code   RO         3498    i.rt_object_allocate  object.o
    0x08003256   0x08003256   0x00000026   Code   RO         3499    i.rt_object_delete  object.o
    0x0800327c   0x0800327c   0x00000020   Code   RO         3500    i.rt_object_detach  object.o
    0x0800329c   0x0800329c   0x00000024   Code   RO         3502    i.rt_object_get_information  object.o
    0x080032c0   0x080032c0   0x00000050   Code   RO         3506    i.rt_object_init    object.o
    0x08003310   0x08003310   0x0000000e   Code   RO         3507    i.rt_object_is_systemobject  object.o
    0x0800331e   0x0800331e   0x00000002   PAD
    0x08003320   0x08003320   0x00000058   Code   RO         3586    i.rt_schedule       scheduler.o
    0x08003378   0x08003378   0x00000050   Code   RO         3587    i.rt_schedule_insert_thread  scheduler.o
    0x080033c8   0x080033c8   0x00000048   Code   RO         3588    i.rt_schedule_remove_thread  scheduler.o
    0x08003410   0x08003410   0x00000024   Code   RO         3145    i.rt_sem_init       ipc.o
    0x08003434   0x08003434   0x0000004a   Code   RO         3146    i.rt_sem_release    ipc.o
    0x0800347e   0x0800347e   0x000000ae   Code   RO         3147    i.rt_sem_take       ipc.o
    0x0800352c   0x0800352c   0x000000b0   Code   RO         3247    i.rt_show_version   kservice.o
    0x080035dc   0x080035dc   0x00000010   Code   RO         3253    i.rt_strlen         kservice.o
    0x080035ec   0x080035ec   0x00000026   Code   RO         3255    i.rt_strncpy        kservice.o
    0x08003612   0x08003612   0x00000002   PAD
    0x08003614   0x08003614   0x000000ac   Code   RO         3414    i.rt_system_heap_init  mem.o
    0x080036c0   0x080036c0   0x00000034   Code   RO         3589    i.rt_system_scheduler_init  scheduler.o
    0x080036f4   0x080036f4   0x00000028   Code   RO         3590    i.rt_system_scheduler_start  scheduler.o
    0x0800371c   0x0800371c   0x0000000c   Code   RO         3785    i.rt_system_timer_init  timer.o
    0x08003728   0x08003728   0x00000002   Code   RO         3786    i.rt_system_timer_thread_init  timer.o
    0x0800372a   0x0800372a   0x00000048   Code   RO         3656    i.rt_thread_create  thread.o
    0x08003772   0x08003772   0x00000002   PAD
    0x08003774   0x08003774   0x0000005c   Code   RO         3661    i.rt_thread_exit    thread.o
    0x080037d0   0x080037d0   0x00000006   Code   RO         3104    i.rt_thread_idle_entry  idle.o
    0x080037d6   0x080037d6   0x00000002   PAD
    0x080037d8   0x080037d8   0x0000004c   Code   RO         3105    i.rt_thread_idle_excute  idle.o
    0x08003824   0x08003824   0x00000038   Code   RO         3107    i.rt_thread_idle_init  idle.o
    0x0800385c   0x0800385c   0x00000030   Code   RO         3663    i.rt_thread_init    thread.o
    0x0800388c   0x0800388c   0x0000000e   Code   RO         3664    i.rt_thread_mdelay  thread.o
    0x0800389a   0x0800389a   0x0000003c   Code   RO         3665    i.rt_thread_resume  thread.o
    0x080038d6   0x080038d6   0x00000002   PAD
    0x080038d8   0x080038d8   0x0000000c   Code   RO         3666    i.rt_thread_self    thread.o
    0x080038e4   0x080038e4   0x00000040   Code   RO         3667    i.rt_thread_sleep   thread.o
    0x08003924   0x08003924   0x0000002c   Code   RO         3668    i.rt_thread_startup  thread.o
    0x08003950   0x08003950   0x00000042   Code   RO         3669    i.rt_thread_suspend  thread.o
    0x08003992   0x08003992   0x00000020   Code   RO         3670    i.rt_thread_timeout  thread.o
    0x080039b2   0x080039b2   0x00000002   PAD
    0x080039b4   0x080039b4   0x00000060   Code   RO         3671    i.rt_thread_yield   thread.o
    0x08003a14   0x08003a14   0x00000032   Code   RO         2991    i.rt_tick_from_millisecond  clock.o
    0x08003a46   0x08003a46   0x00000002   PAD
    0x08003a48   0x08003a48   0x0000000c   Code   RO         2992    i.rt_tick_get       clock.o
    0x08003a54   0x08003a54   0x0000002c   Code   RO         2993    i.rt_tick_increase  clock.o
    0x08003a80   0x08003a80   0x0000008c   Code   RO         3787    i.rt_timer_check    timer.o
    0x08003b0c   0x08003b0c   0x00000048   Code   RO         3788    i.rt_timer_control  timer.o
    0x08003b54   0x08003b54   0x00000028   Code   RO         3791    i.rt_timer_detach   timer.o
    0x08003b7c   0x08003b7c   0x00000028   Code   RO         3792    i.rt_timer_init     timer.o
    0x08003ba4   0x08003ba4   0x00000084   Code   RO         3794    i.rt_timer_start    timer.o
    0x08003c28   0x08003c28   0x0000002e   Code   RO         3795    i.rt_timer_stop     timer.o
    0x08003c56   0x08003c56   0x00000002   PAD
    0x08003c58   0x08003c58   0x00000284   Code   RO         3258    i.rt_vsnprintf      kservice.o
    0x08003edc   0x08003edc   0x00000004   Code   RO         3036    i.rti_board_end     components.o
    0x08003ee0   0x08003ee0   0x00000004   Code   RO         3037    i.rti_board_start   components.o
    0x08003ee4   0x08003ee4   0x00000004   Code   RO         3038    i.rti_end           components.o
    0x08003ee8   0x08003ee8   0x00000004   Code   RO         3039    i.rti_start         components.o
    0x08003eec   0x08003eec   0x0000002a   Code   RO         3040    i.rtthread_startup  components.o
    0x08003f16   0x08003f16   0x00000028   Code   RO         3260    i.skip_atoi         kservice.o
    0x08003f3e   0x08003f3e   0x00000002   PAD
    0x08003f40   0x08003f40   0x0000001c   Code   RO           17    i.thread01          main.o
    0x08003f5c   0x08003f5c   0x0000001c   Code   RO           18    i.thread02          main.o
    0x08003f78   0x08003f78   0x00000034   Code   RO         3949    i.uart_init         board.o
    0x08003fac   0x08003fac   0x000000d0   Code   RO         3886    i.usage_fault_track  cpuport.o
    0x0800407c   0x0800407c   0x0000000a   Code   RO         4012    i.version           cmd.o
    0x08004086   0x08004086   0x0000000a   Code   RO         4386    x$fpl$fpinit        fz_wm.l(fpinit.o)
    0x08004090   0x08004090   0x00000010   Data   RO         2953    .constdata          system_stm32f4xx.o
    0x080040a0   0x080040a0   0x00000008   Data   RO         2954    .constdata          system_stm32f4xx.o
    0x080040a8   0x080040a8   0x00000122   Data   RO         3262    .constdata          kservice.o
    0x080041ca   0x080041ca   0x00000002   PAD
    0x080041cc   0x080041cc   0x00000044   Data   RO         4013    .conststring        cmd.o
    0x08004210   0x08004210   0x00000009   Data   RO         3417    .rodata.name        mem.o
    0x08004219   0x08004219   0x0000001e   Data   RO         3418    .rodata.name        mem.o
    0x08004237   0x08004237   0x00000006   Data   RO         4014    .rodata.name        cmd.o
    0x0800423d   0x0800423d   0x00000010   Data   RO         4015    .rodata.name        cmd.o
    0x0800424d   0x0800424d   0x00000008   Data   RO         4016    .rodata.name        cmd.o
    0x08004255   0x08004255   0x00000023   Data   RO         4017    .rodata.name        cmd.o
    0x08004278   0x08004278   0x0000000e   Data   RO         4018    .rodata.name        cmd.o
    0x08004286   0x08004286   0x00000023   Data   RO         4019    .rodata.name        cmd.o
    0x080042a9   0x080042a9   0x0000000c   Data   RO         4020    .rodata.name        cmd.o
    0x080042b5   0x080042b5   0x0000000c   Data   RO         4021    .rodata.name        cmd.o
    0x080042c1   0x080042c1   0x00000012   Data   RO         4022    .rodata.name        cmd.o
    0x080042d3   0x080042d3   0x0000000c   Data   RO         4023    .rodata.name        cmd.o
    0x080042df   0x080042df   0x00000009   Data   RO         4024    .rodata.name        cmd.o
    0x080042e8   0x080042e8   0x00000019   Data   RO         4025    .rodata.name        cmd.o
    0x08004301   0x08004301   0x0000000f   Data   RO         4026    .rodata.name        cmd.o
    0x08004310   0x08004310   0x00000019   Data   RO         4027    .rodata.name        cmd.o
    0x08004329   0x08004329   0x0000000b   Data   RO         4028    .rodata.name        cmd.o
    0x08004334   0x08004334   0x00000015   Data   RO         4029    .rodata.name        cmd.o
    0x08004349   0x08004349   0x00000011   Data   RO         4030    .rodata.name        cmd.o
    0x0800435a   0x0800435a   0x00000015   Data   RO         4031    .rodata.name        cmd.o
    0x0800436f   0x0800436f   0x00000005   Data   RO         4032    .rodata.name        cmd.o
    0x08004374   0x08004374   0x0000001a   Data   RO         4033    .rodata.name        cmd.o
    0x0800438e   0x0800438e   0x0000000b   Data   RO         4110    .rodata.name        msh.o
    0x08004399   0x08004399   0x00000016   Data   RO         4111    .rodata.name        msh.o
    0x080043af   0x080043af   0x00000009   Data   RO         4112    .rodata.name        msh.o
    0x080043b8   0x080043b8   0x0000001c   Data   RO         4113    .rodata.name        msh.o
    0x080043d4   0x080043d4   0x0000000b   Data   RO         4114    .rodata.name        msh.o
    0x080043df   0x080043df   0x00000025   Data   RO         4115    .rodata.name        msh.o
    0x08004404   0x08004404   0x00000004   Data   RO         3041    .rti_fn.0           components.o
    0x08004408   0x08004408   0x00000004   Data   RO         3042    .rti_fn.0.end       components.o
    0x0800440c   0x0800440c   0x00000004   Data   RO         3951    .rti_fn.1           board.o
    0x08004410   0x08004410   0x00000004   Data   RO         3043    .rti_fn.1.end       components.o
    0x08004414   0x08004414   0x00000004   Data   RO         4181    .rti_fn.6           shell.o
    0x08004418   0x08004418   0x00000004   Data   RO         3044    .rti_fn.6.end       components.o
    0x0800441c   0x0800441c   0x0000000c   Data   RO         3419    FSymTab             mem.o
    0x08004428   0x08004428   0x00000078   Data   RO         4034    FSymTab             cmd.o
    0x080044a0   0x080044a0   0x00000024   Data   RO         4116    FSymTab             msh.o
    0x080044c4   0x080044c4   0x00000020   Data   RO         4442    Region$$Table       anon$$obj.o


    Execution Region RW_IRAM2 (Exec base: 0x10000000, Load base: 0x0800458c, Size: 0x00000000, Max: 0x00010000, ABSOLUTE)

    **** No section assigned to this execution region ****


    Execution Region RW_IRAM1 (Exec base: 0x20000000, Load base: 0x080044e4, Size: 0x00004780, Max: 0x00030000, ABSOLUTE)

    Exec Addr    Load Addr    Size         Type   Attr      Idx    E Section Name        Object

    0x20000000   0x080044e4   0x0000000c   Data   RW         1374    .data               stm32f4xx_hal.o
    0x2000000c   0x080044f0   0x00000004   Data   RW         2955    .data               system_stm32f4xx.o
    0x20000010   0x080044f4   0x00000004   Data   RW         2995    .data               clock.o
    0x20000014   0x080044f8   0x00000001   Data   RW         3209    .data               irq.o
    0x20000015   0x080044f9   0x00000003   PAD
    0x20000018   0x080044fc   0x00000018   Data   RW         3416    .data               mem.o
    0x20000030   0x08004514   0x00000030   Data   RW         3509    .data               object.o
    0x20000060   0x08004544   0x00000014   Data   RW         3592    .data               scheduler.o
    0x20000074   0x08004558   0x0000000c   Data   RW         3796    .data               timer.o
    0x20000080   0x08004564   0x00000004   Data   RW         3887    .data               cpuport.o
    0x20000084   0x08004568   0x00000004   Data   RW         3888    .data               cpuport.o
    0x20000088   0x0800456c   0x00000004   Data   RW         3889    .data               cpuport.o
    0x2000008c   0x08004570   0x00000004   Data   RW         3890    .data               cpuport.o
    0x20000090   0x08004574   0x00000018   Data   RW         4180    .data               shell.o
    0x200000a8        -       0x00000048   Zero   RW          223    .bss                usart.o
    0x200000f0        -       0x00000048   Zero   RW          347    .bss                stm32f4xx_hal_timebase_tim.o
    0x20000138        -       0x00000178   Zero   RW         3108    .bss                idle.o
    0x200002b0        -       0x00000080   Zero   RW         3261    .bss                kservice.o
    0x20000330        -       0x00000020   Zero   RW         3415    .bss                mem.o
    0x20000350        -       0x00000100   Zero   RW         3591    .bss                scheduler.o
    0x20000450        -       0x00003c48   Zero   RW         3950    .bss                board.o
    0x20004098        -       0x00000081   Zero   RW         4179    .bss                shell.o
    0x20004119   0x0800458c   0x00000003   PAD
    0x2000411c        -       0x00000060   Zero   RW         4316    .bss                c_w.l(libspace.o)
    0x2000417c   0x0800458c   0x00000004   PAD
    0x20004180        -       0x00000200   Zero   RW            2    HEAP                startup_stm32f427xx.o
    0x20004380        -       0x00000400   Zero   RW            1    STACK               startup_stm32f427xx.o


==============================================================================

Image component sizes


      Code (inc. data)   RO Data    RW Data    ZI Data      Debug   Object Name

       252         30          4          0      15432       5320   board.o
       106         12          0          4          0       2028   clock.o
      1402        532        531          0          0      13864   cmd.o
       182         28         16          0          0       6566   components.o
       308         28          0          0          0        884   context_rvds.o
      1372        736          0         16          0       6934   cpuport.o
        76          6          0          0          0        859   gpio.o
       138         22          0          0        376       5302   idle.o
       298          0          0          0          0       6685   ipc.o
        56         12          0          1          0       1790   irq.o
      1438        158        290          0        128      11633   kservice.o
       336         58          0          0          0     751364   main.o
       826        248         51         24         32       5735   mem.o
       780        162        154          0          0       8384   msh.o
       312          6          0         48          0       8948   object.o
       416         56          0         20        256       8718   scheduler.o
       928        136          4         24        129      10712   shell.o
        64         26        428          0       1536        836   startup_stm32f427xx.o
        80         14          0         12          0       8190   stm32f4xx_hal.o
       198         14          0          0          0      33783   stm32f4xx_hal_cortex.o
       564         54          0          0          0       1540   stm32f4xx_hal_gpio.o
        48          6          0          0          0        842   stm32f4xx_hal_msp.o
      1424         92          0          0          0       6333   stm32f4xx_hal_rcc.o
       748         74          0          0          0       7452   stm32f4xx_hal_tim.o
         4          0          0          0          0       1617   stm32f4xx_hal_tim_ex.o
       152         20          0          0         72       1464   stm32f4xx_hal_timebase_tim.o
       720         10          0          0          0       4808   stm32f4xx_hal_uart.o
        22          6          0          0          0       2765   stm32f4xx_it.o
       140         24         24          4          0       1851   system_stm32f4xx.o
       788         44          0          0          0      13551   thread.o
       550         20          0         12          0      11828   timer.o
       164         22          0          0         72       1694   usart.o

    ----------------------------------------------------------------------
     14932       2656       1536        168      18036     954280   Object Totals
         0          0         32          0          0          0   (incl. Generated)
        40          0          2          3          3          0   (incl. Padding)

    ----------------------------------------------------------------------

      Code (inc. data)   RO Data    RW Data    ZI Data      Debug   Library Member Name

         8          0          0          0          0         68   __main.o
         0          0          0          0          0          0   __rtentry.o
        12          0          0          0          0          0   __rtentry2.o
         6          0          0          0          0          0   __rtentry4.o
        52          8          0          0          0          0   __scatter.o
        26          0          0          0          0          0   __scatter_copy.o
        28          0          0          0          0          0   __scatter_zi.o
        18          0          0          0          0         80   exit.o
         6          0          0          0          0        152   heapauxi.o
         0          0          0          0          0          0   indicate_semi.o
         2          0          0          0          0          0   libinit.o
         6          0          0          0          0          0   libinit2.o
         2          0          0          0          0          0   libshutdown.o
         2          0          0          0          0          0   libshutdown2.o
         8          4          0          0         96         68   libspace.o
       238          0          0          0          0        100   lludivv7m.o
        68          0          0          0          0         68   rt_memclr.o
        78          0          0          0          0         80   rt_memclr_w.o
       100          0          0          0          0         80   rt_memcpy_w.o
         2          0          0          0          0          0   rtexit.o
        10          0          0          0          0          0   rtexit2.o
        24          0          0          0          0         68   strcat.o
        72          0          0          0          0         80   strcpy.o
        62          0          0          0          0         76   strlen.o
       150          0          0          0          0         80   strncmp.o
        86          0          0          0          0         76   strncpy.o
        12          4          0          0          0         68   sys_exit.o
        74          0          0          0          0         80   sys_stackheap_outer.o
         2          0          0          0          0         68   use_no_semi.o
        10          0          0          0          0        116   fpinit.o

    ----------------------------------------------------------------------
      1168         16          0          0        100       1408   Library Totals
         4          0          0          0          4          0   (incl. Padding)

    ----------------------------------------------------------------------

      Code (inc. data)   RO Data    RW Data    ZI Data      Debug   Library Name

      1154         16          0          0         96       1292   c_w.l
        10          0          0          0          0        116   fz_wm.l

    ----------------------------------------------------------------------
      1168         16          0          0        100       1408   Library Totals

    ----------------------------------------------------------------------

==============================================================================


      Code (inc. data)   RO Data    RW Data    ZI Data      Debug   

     16100       2672       1536        168      18136     939064   Grand Totals
     16100       2672       1536        168      18136     939064   ELF Image Totals
     16100       2672       1536        168          0          0   ROM Totals

==============================================================================

    Total RO  Size (Code + RO Data)                17636 (  17.22kB)
    Total RW  Size (RW Data + ZI Data)             18304 (  17.88kB)
    Total ROM Size (Code + RO Data + RW Data)      17804 (  17.39kB)

==============================================================================

